Component: ARM Compiler 5.06 update 6 (build 750) Tool: armlink [4d35ed]

==============================================================================

Section Cross References

    startup_stm32f10x_hd.o(RESET) refers to startup_stm32f10x_hd.o(STACK) for __initial_sp
    startup_stm32f10x_hd.o(RESET) refers to startup_stm32f10x_hd.o(.text) for Reset_Handler
    startup_stm32f10x_hd.o(RESET) refers to context_rvds.o(.text) for HardFault_Handler
    startup_stm32f10x_hd.o(RESET) refers to board.o(i.SysTick_Handler) for SysTick_Handler
    startup_stm32f10x_hd.o(RESET) refers to stm32f10x_it.o(i.EXTI0_IRQHandler) for EXTI0_IRQHandler
    startup_stm32f10x_hd.o(RESET) refers to stm32f10x_it.o(i.EXTI2_IRQHandler) for EXTI2_IRQHandler
    startup_stm32f10x_hd.o(RESET) refers to stm32f10x_it.o(i.EXTI15_10_IRQHandler) for EXTI15_10_IRQHandler
    startup_stm32f10x_hd.o(RESET) refers to stm32f10x_it.o(i.TIM6_IRQHandler) for TIM6_IRQHandler
    startup_stm32f10x_hd.o(.text) refers to system_stm32f10x.o(i.SystemInit) for SystemInit
    startup_stm32f10x_hd.o(.text) refers to entry.o(.ARM.Collect$$$$00000000) for __main
    system_stm32f10x.o(i.SetSysClock) refers to system_stm32f10x.o(i.SetSysClockTo72) for SetSysClockTo72
    system_stm32f10x.o(i.SystemCoreClockUpdate) refers to system_stm32f10x.o(.data) for SystemCoreClock
    system_stm32f10x.o(i.SystemInit) refers to system_stm32f10x.o(i.SetSysClock) for SetSysClock
    stm32f10x_adc.o(i.ADC_DeInit) refers to stm32f10x_rcc.o(i.RCC_APB2PeriphResetCmd) for RCC_APB2PeriphResetCmd
    stm32f10x_bkp.o(i.BKP_DeInit) refers to stm32f10x_rcc.o(i.RCC_BackupResetCmd) for RCC_BackupResetCmd
    stm32f10x_can.o(i.CAN_DeInit) refers to stm32f10x_rcc.o(i.RCC_APB1PeriphResetCmd) for RCC_APB1PeriphResetCmd
    stm32f10x_can.o(i.CAN_GetITStatus) refers to stm32f10x_can.o(i.CheckITStatus) for CheckITStatus
    stm32f10x_cec.o(i.CEC_DeInit) refers to stm32f10x_rcc.o(i.RCC_APB1PeriphResetCmd) for RCC_APB1PeriphResetCmd
    stm32f10x_dac.o(i.DAC_DeInit) refers to stm32f10x_rcc.o(i.RCC_APB1PeriphResetCmd) for RCC_APB1PeriphResetCmd
    stm32f10x_flash.o(i.FLASH_EnableWriteProtection) refers to stm32f10x_flash.o(i.FLASH_WaitForLastOperation) for FLASH_WaitForLastOperation
    stm32f10x_flash.o(i.FLASH_EraseAllBank1Pages) refers to stm32f10x_flash.o(i.FLASH_WaitForLastBank1Operation) for FLASH_WaitForLastBank1Operation
    stm32f10x_flash.o(i.FLASH_EraseAllPages) refers to stm32f10x_flash.o(i.FLASH_WaitForLastOperation) for FLASH_WaitForLastOperation
    stm32f10x_flash.o(i.FLASH_EraseOptionBytes) refers to stm32f10x_flash.o(i.FLASH_GetReadOutProtectionStatus) for FLASH_GetReadOutProtectionStatus
    stm32f10x_flash.o(i.FLASH_EraseOptionBytes) refers to stm32f10x_flash.o(i.FLASH_WaitForLastOperation) for FLASH_WaitForLastOperation
    stm32f10x_flash.o(i.FLASH_ErasePage) refers to stm32f10x_flash.o(i.FLASH_WaitForLastOperation) for FLASH_WaitForLastOperation
    stm32f10x_flash.o(i.FLASH_ProgramHalfWord) refers to stm32f10x_flash.o(i.FLASH_WaitForLastOperation) for FLASH_WaitForLastOperation
    stm32f10x_flash.o(i.FLASH_ProgramOptionByteData) refers to stm32f10x_flash.o(i.FLASH_WaitForLastOperation) for FLASH_WaitForLastOperation
    stm32f10x_flash.o(i.FLASH_ProgramWord) refers to stm32f10x_flash.o(i.FLASH_WaitForLastOperation) for FLASH_WaitForLastOperation
    stm32f10x_flash.o(i.FLASH_ReadOutProtection) refers to stm32f10x_flash.o(i.FLASH_WaitForLastOperation) for FLASH_WaitForLastOperation
    stm32f10x_flash.o(i.FLASH_UserOptionByteConfig) refers to stm32f10x_flash.o(i.FLASH_WaitForLastOperation) for FLASH_WaitForLastOperation
    stm32f10x_flash.o(i.FLASH_WaitForLastBank1Operation) refers to stm32f10x_flash.o(i.FLASH_GetBank1Status) for FLASH_GetBank1Status
    stm32f10x_flash.o(i.FLASH_WaitForLastOperation) refers to stm32f10x_flash.o(i.FLASH_GetBank1Status) for FLASH_GetBank1Status
    stm32f10x_gpio.o(i.GPIO_AFIODeInit) refers to stm32f10x_rcc.o(i.RCC_APB2PeriphResetCmd) for RCC_APB2PeriphResetCmd
    stm32f10x_gpio.o(i.GPIO_DeInit) refers to stm32f10x_rcc.o(i.RCC_APB2PeriphResetCmd) for RCC_APB2PeriphResetCmd
    stm32f10x_i2c.o(i.I2C_DeInit) refers to stm32f10x_rcc.o(i.RCC_APB1PeriphResetCmd) for RCC_APB1PeriphResetCmd
    stm32f10x_i2c.o(i.I2C_Init) refers to stm32f10x_rcc.o(i.RCC_GetClocksFreq) for RCC_GetClocksFreq
    stm32f10x_pwr.o(i.PWR_DeInit) refers to stm32f10x_rcc.o(i.RCC_APB1PeriphResetCmd) for RCC_APB1PeriphResetCmd
    stm32f10x_rcc.o(i.RCC_GetClocksFreq) refers to stm32f10x_rcc.o(.data) for APBAHBPrescTable
    stm32f10x_rcc.o(i.RCC_WaitForHSEStartUp) refers to stm32f10x_rcc.o(i.RCC_GetFlagStatus) for RCC_GetFlagStatus
    stm32f10x_rtc.o(i.RTC_SetAlarm) refers to stm32f10x_rtc.o(i.RTC_EnterConfigMode) for RTC_EnterConfigMode
    stm32f10x_rtc.o(i.RTC_SetAlarm) refers to stm32f10x_rtc.o(i.RTC_ExitConfigMode) for RTC_ExitConfigMode
[...]
    i.print_number                           0x080043d0   Section        0  kservice.o(i.print_number)
    print_number                             0x080043d1   Thumb Code   388  kservice.o(i.print_number)
    i.rt_application_init                    0x0800455c   Section        0  components.o(i.rt_application_init)
    i.rt_components_board_init               0x08004588   Section        0  components.o(i.rt_components_board_init)
    i.rt_components_init                     0x080045a4   Section        0  components.o(i.rt_components_init)
    i.rt_enter_critical                      0x080045c0   Section        0  scheduler.o(i.rt_enter_critical)
    i.rt_exit_critical                       0x080045e0   Section        0  scheduler.o(i.rt_exit_critical)
    i.rt_free                                0x0800461c   Section        0  mem.o(i.rt_free)
    i.rt_heap_begin_get                      0x080046fc   Section        0  board.o(i.rt_heap_begin_get)
    i.rt_heap_end_get                        0x08004704   Section        0  board.o(i.rt_heap_end_get)
    i.rt_hw_board_init                       0x0800470c   Section        0  board.o(i.rt_hw_board_init)
    i.rt_hw_console_output                   0x08004884   Section        0  board.o(i.rt_hw_console_output)
    i.rt_hw_hard_fault_exception             0x080048d4   Section        0  cpuport.o(i.rt_hw_hard_fault_exception)
    i.rt_hw_stack_init                       0x08004ad4   Section        0  cpuport.o(i.rt_hw_stack_init)
    i.rt_interrupt_enter                     0x08004b20   Section        0  irq.o(i.rt_interrupt_enter)
    i.rt_interrupt_leave                     0x08004b40   Section        0  irq.o(i.rt_interrupt_leave)
    i.rt_ipc_list_resume                     0x08004b60   Section        0  ipc.o(i.rt_ipc_list_resume)
    rt_ipc_list_resume                       0x08004b61   Thumb Code    20  ipc.o(i.rt_ipc_list_resume)
    i.rt_ipc_list_resume_all                 0x08004b74   Section        0  ipc.o(i.rt_ipc_list_resume_all)
    rt_ipc_list_resume_all                   0x08004b75   Thumb Code    50  ipc.o(i.rt_ipc_list_resume_all)
    i.rt_ipc_list_suspend                    0x08004ba6   Section        0  ipc.o(i.rt_ipc_list_suspend)
    rt_ipc_list_suspend                      0x08004ba7   Thumb Code   108  ipc.o(i.rt_ipc_list_suspend)
    i.rt_ipc_object_init                     0x08004c12   Section        0  ipc.o(i.rt_ipc_object_init)
    rt_ipc_object_init                       0x08004c13   Thumb Code    16  ipc.o(i.rt_ipc_object_init)
    i.rt_kprintf                             0x08004c24   Section        0  kservice.o(i.rt_kprintf)
    i.rt_list_init                           0x08004c54   Section        0  ipc.o(i.rt_list_init)
    rt_list_init                             0x08004c55   Thumb Code     6  ipc.o(i.rt_list_init)
    i.rt_list_init                           0x08004c5a   Section        0  scheduler.o(i.rt_list_init)
    rt_list_init                             0x08004c5b   Thumb Code     6  scheduler.o(i.rt_list_init)
    i.rt_list_init                           0x08004c60   Section        0  timer.o(i.rt_list_init)
    rt_list_init                             0x08004c61   Thumb Code     6  timer.o(i.rt_list_init)
    i.rt_list_insert_after                   0x08004c66   Section        0  object.o(i.rt_list_insert_after)
    rt_list_insert_after                     0x08004c67   Thumb Code    14  object.o(i.rt_list_insert_after)
    i.rt_list_insert_after                   0x08004c74   Section        0  thread.o(i.rt_list_insert_after)
    rt_list_insert_after                     0x08004c75   Thumb Code    14  thread.o(i.rt_list_insert_after)
    i.rt_list_insert_after                   0x08004c82   Section        0  timer.o(i.rt_list_insert_after)
    rt_list_insert_after                     0x08004c83   Thumb Code    14  timer.o(i.rt_list_insert_after)
    i.rt_list_insert_before                  0x08004c90   Section        0  ipc.o(i.rt_list_insert_before)
    rt_list_insert_before                    0x08004c91   Thumb Code    14  ipc.o(i.rt_list_insert_before)
    i.rt_list_isempty                        0x08004c9e   Section        0  ipc.o(i.rt_list_isempty)
    rt_list_isempty                          0x08004c9f   Thumb Code    16  ipc.o(i.rt_list_isempty)
    i.rt_list_isempty                        0x08004cae   Section        0  timer.o(i.rt_list_isempty)
    rt_list_isempty                          0x08004caf   Thumb Code    16  timer.o(i.rt_list_isempty)
    i.rt_list_remove                         0x08004cbe   Section        0  object.o(i.rt_list_remove)
    rt_list_remove                           0x08004cbf   Thumb Code    18  object.o(i.rt_list_remove)
    i.rt_list_remove                         0x08004cd0   Section        0  thread.o(i.rt_list_remove)
    rt_list_remove                           0x08004cd1   Thumb Code    18  thread.o(i.rt_list_remove)
    i.rt_malloc                              0x08004ce4   Section        0  mem.o(i.rt_malloc)
    i.rt_memcpy                              0x08004e50   Section        0  kservice.o(i.rt_memcpy)
    i.rt_memset                              0x08004ecc   Section        0  kservice.o(i.rt_memset)
    i.rt_mq_create                           0x08004f14   Section        0  ipc.o(i.rt_mq_create)
    i.rt_mq_delete                           0x08004f94   Section        0  ipc.o(i.rt_mq_delete)
    i.rt_mq_recv                             0x08004fb0   Section        0  ipc.o(i.rt_mq_recv)
    i.rt_mq_send                             0x080050ac   Section        0  ipc.o(i.rt_mq_send)
    i.rt_object_allocate                     0x08005138   Section        0  object.o(i.rt_object_allocate)
    i.rt_object_delete                       0x08005182   Section        0  object.o(i.rt_object_delete)
    i.rt_object_detach                       0x080051a2   Section        0  object.o(i.rt_object_detach)
    i.rt_object_get_information              0x080051bc   Section        0  object.o(i.rt_object_get_information)
    i.rt_object_init                         0x080051e4   Section        0  object.o(i.rt_object_init)
    i.rt_object_is_systemobject              0x08005220   Section        0  object.o(i.rt_object_is_systemobject)
    i.rt_schedule                            0x08005234   Section        0  scheduler.o(i.rt_schedule)
    i.rt_schedule_insert_thread              0x080052c4   Section        0  scheduler.o(i.rt_schedule_insert_thread)
    i.rt_schedule_remove_thread              0x08005314   Section        0  scheduler.o(i.rt_schedule_remove_thread)
    i.rt_sem_init                            0x08005368   Section        0  ipc.o(i.rt_sem_init)
    i.rt_sem_release                         0x0800538e   Section        0  ipc.o(i.rt_sem_release)
    i.rt_sem_take                            0x080053c8   Section        0  ipc.o(i.rt_sem_take)
    i.rt_show_version                        0x0800543c   Section        0  kservice.o(i.rt_show_version)
    i.rt_strlen                              0x080054ec   Section        0  kservice.o(i.rt_strlen)
    i.rt_strncpy                             0x080054fe   Section        0  kservice.o(i.rt_strncpy)
    i.rt_system_heap_init                    0x08005534   Section        0  mem.o(i.rt_system_heap_init)
    i.rt_system_scheduler_init               0x0800562c   Section        0  scheduler.o(i.rt_system_scheduler_init)
    i.rt_system_scheduler_start              0x08005678   Section        0  scheduler.o(i.rt_system_scheduler_start)
    i.rt_system_timer_init                   0x080056a8   Section        0  timer.o(i.rt_system_timer_init)
    i.rt_system_timer_thread_init            0x080056c4   Section        0  timer.o(i.rt_system_timer_thread_init)
    i.rt_thread_create                       0x080056c6   Section        0  thread.o(i.rt_thread_create)
    i.rt_thread_delay                        0x08005716   Section        0  thread.o(i.rt_thread_delay)
    i.rt_thread_exit                         0x08005724   Section        0  thread.o(i.rt_thread_exit)
    i.rt_thread_idle_entry                   0x08005778   Section        0  idle.o(i.rt_thread_idle_entry)
    rt_thread_idle_entry                     0x08005779   Thumb Code     8  idle.o(i.rt_thread_idle_entry)
    i.rt_thread_idle_excute                  0x08005780   Section        0  idle.o(i.rt_thread_idle_excute)
    i.rt_thread_idle_init                    0x08005804   Section        0  idle.o(i.rt_thread_idle_init)
    i.rt_thread_init                         0x08005840   Section        0  thread.o(i.rt_thread_init)
    i.rt_thread_resume                       0x08005874   Section        0  thread.o(i.rt_thread_resume)
    i.rt_thread_self                         0x080058b0   Section        0  thread.o(i.rt_thread_self)
    i.rt_thread_sleep                        0x080058bc   Section        0  thread.o(i.rt_thread_sleep)
    i.rt_thread_startup                      0x08005900   Section        0  thread.o(i.rt_thread_startup)
    i.rt_thread_suspend                      0x0800592c   Section        0  thread.o(i.rt_thread_suspend)
    i.rt_thread_timeout                      0x08005970   Section        0  thread.o(i.rt_thread_timeout)
    i.rt_thread_yield                        0x08005990   Section        0  thread.o(i.rt_thread_yield)
    i.rt_tick_get                            0x080059f4   Section        0  clock.o(i.rt_tick_get)
    i.rt_tick_increase                       0x08005a00   Section        0  clock.o(i.rt_tick_increase)
    i.rt_timer_check                         0x08005a30   Section        0  timer.o(i.rt_timer_check)
    i.rt_timer_control                       0x08005aac   Section        0  timer.o(i.rt_timer_control)
    i.rt_timer_detach                        0x08005ae4   Section        0  timer.o(i.rt_timer_detach)
    i.rt_timer_init                          0x08005b04   Section        0  timer.o(i.rt_timer_init)
    i.rt_timer_start                         0x08005b34   Section        0  timer.o(i.rt_timer_start)
    i.rt_timer_stop                          0x08005c2c   Section        0  timer.o(i.rt_timer_stop)
    i.rt_vsnprintf                           0x08005c5c   Section        0  kservice.o(i.rt_vsnprintf)
    i.rti_board_end                          0x08005f84   Section        0  components.o(i.rti_board_end)
    rti_board_end                            0x08005f85   Thumb Code     4  components.o(i.rti_board_end)
    i.rti_board_start                        0x08005f88   Section        0  components.o(i.rti_board_start)
    rti_board_start                          0x08005f89   Thumb Code     4  components.o(i.rti_board_start)
    i.rti_end                                0x08005f8c   Section        0  components.o(i.rti_end)
    rti_end                                  0x08005f8d   Thumb Code     4  components.o(i.rti_end)
    i.rti_start                              0x08005f90   Section        0  components.o(i.rti_start)
    rti_start                                0x08005f91   Thumb Code     4  components.o(i.rti_start)
    i.rtthread_startup                       0x08005f94   Section        0  components.o(i.rtthread_startup)
    i.skip_atoi                              0x08005fbe   Section        0  kservice.o(i.skip_atoi)
    skip_atoi                                0x08005fbf   Thumb Code    38  kservice.o(i.skip_atoi)
    .constdata                               0x08005fe4   Section    15200  fonts.o(.constdata)
    .constdata                               0x08009b44   Section      290  kservice.o(.constdata)
    small_digits                             0x08009c44   Data          17  kservice.o(.constdata)
    large_digits                             0x08009c55   Data          17  kservice.o(.constdata)
    .conststring                             0x08009c68   Section       45  osc.o(.conststring)
    .rti_fn.0                                0x08009c98   Section        4  components.o(.rti_fn.0)
    __tagsym$$used                           0x08009c98   Number         0  components.o(.rti_fn.0)
    .rti_fn.0.end                            0x08009c9c   Section        4  components.o(.rti_fn.0.end)
    __tagsym$$used                           0x08009c9c   Number         0  components.o(.rti_fn.0.end)
    .rti_fn.1.end                            0x08009ca0   Section        4  components.o(.rti_fn.1.end)
    __tagsym$$used                           0x08009ca0   Number         0  components.o(.rti_fn.1.end)
    .rti_fn.6.end                            0x08009ca4   Section        4  components.o(.rti_fn.6.end)
    __tagsym$$used                           0x08009ca4   Number         0  components.o(.rti_fn.6.end)
    .data                                    0x20000000   Section       20  system_stm32f10x.o(.data)
    .data                                    0x20000014   Section       20  stm32f10x_rcc.o(.data)
    APBAHBPrescTable                         0x20000014   Data          16  stm32f10x_rcc.o(.data)
    ADCPrescTable                            0x20000024   Data           4  stm32f10x_rcc.o(.data)
    .data                                    0x20000028   Section        7  stm32f10x_it.o(.data)
    .data                                    0x20000030   Section       25  bsp_ili9341_lcd.o(.data)
    LCD_Currentfonts                         0x20000038   Data           4  bsp_ili9341_lcd.o(.data)
    CurrentTextColor                         0x2000003c   Data           2  bsp_ili9341_lcd.o(.data)
    CurrentBackColor                         0x2000003e   Data           2  bsp_ili9341_lcd.o(.data)
    testCNT                                  0x20000048   Data           1  bsp_ili9341_lcd.o(.data)
    .data                                    0x2000004c   Section       24  fonts.o(.data)
    .data                                    0x20000064   Section      104  osc.o(.data)
    .data                                    0x200000cc   Section        4  clock.o(.data)
    rt_tick                                  0x200000cc   Data           4  clock.o(.data)
    .data                                    0x200000d0   Section        1  irq.o(.data)
    .data                                    0x200000d4   Section       24  mem.o(.data)
    heap_ptr                                 0x200000d4   Data           4  mem.o(.data)
    heap_end                                 0x200000d8   Data           4  mem.o(.data)
    lfree                                    0x200000dc   Data           4  mem.o(.data)
    mem_size_aligned                         0x200000e0   Data           4  mem.o(.data)
    used_mem                                 0x200000e4   Data           4  mem.o(.data)
    max_mem                                  0x200000e8   Data           4  mem.o(.data)
    .data                                    0x200000ec   Section       80  object.o(.data)
    rt_object_container                      0x200000ec   Data          80  object.o(.data)
    .data                                    0x2000013c   Section       24  scheduler.o(.data)
    rt_scheduler_lock_nest                   0x2000013c   Data           2  scheduler.o(.data)
    .data                                    0x20000154   Section       12  timer.o(.data)
    rt_timer_list                            0x20000154   Data           8  timer.o(.data)
    random_nr                                0x2000015c   Data           4  timer.o(.data)
    .data                                    0x20000160   Section       16  cpuport.o(.data)
    rt_exception_hook                        0x2000016c   Data           4  cpuport.o(.data)
    .bss                                     0x20000170   Section      400  osc.o(.bss)
    .bss                                     0x20000300   Section     4096  board.o(.bss)
    rt_heap                                  0x20000300   Data        4096  board.o(.bss)
    .bss                                     0x20001300   Section      376  idle.o(.bss)
    idle                                     0x20001300   Data         120  idle.o(.bss)
    rt_thread_stack                          0x20001378   Data         256  idle.o(.bss)
    .bss                                     0x20001478   Section      128  kservice.o(.bss)
    rt_log_buf                               0x20001478   Data         128  kservice.o(.bss)
    .bss                                     0x200014f8   Section       32  mem.o(.bss)
    heap_sem                                 0x200014f8   Data          32  mem.o(.bss)
    .bss                                     0x20001518   Section       64  scheduler.o(.bss)
    STACK                                    0x20001558   Section     1024  startup_stm32f10x_hd.o(STACK)

    Global Symbols

    Symbol Name                              Value     Ov Type        Size  Object(Section)

    BuildAttributes$$THM_ISAv4$P$D$K$B$S$PE$A:L22UL41UL21$X:L11$S22US41US21$IEEE1$IW$USESV6$~STKCKD$USESV7$~SHL$OTIME$ROPI$EBA8$MICROLIB$REQ8$PRES8$EABIv2 0x00000000   Number         0  anon$$obj.o ABSOLUTE
    __ARM_use_no_argv                        0x00000000   Number         0  main.o ABSOLUTE
    _printf_a                                0x00000000   Number         0  stubs.o ABSOLUTE
    _printf_c                                0x00000000   Number         0  stubs.o ABSOLUTE
    _printf_charcount                        0x00000000   Number         0  stubs.o ABSOLUTE
    _printf_d                                0x00000000   Number         0  stubs.o ABSOLUTE
    _printf_e                                0x00000000   Number         0  stubs.o ABSOLUTE
    _printf_f                                0x00000000   Number         0  stubs.o ABSOLUTE
    _printf_flags                            0x00000000   Number         0  stubs.o ABSOLUTE
    _printf_fp_dec                           0x00000000   Number         0  stubs.o ABSOLUTE
    _printf_fp_hex                           0x00000000   Number         0  stubs.o ABSOLUTE
    _printf_g                                0x00000000   Number         0  stubs.o ABSOLUTE
    _printf_i                                0x00000000   Number         0  stubs.o ABSOLUTE
    _printf_int_dec                          0x00000000   Number         0  stubs.o ABSOLUTE
    _printf_l                                0x00000000   Number         0  stubs.o ABSOLUTE
    _printf_lc                               0x00000000   Number         0  stubs.o ABSOLUTE
    _printf_ll                               0x00000000   Number         0  stubs.o ABSOLUTE
    _printf_lld                              0x00000000   Number         0  stubs.o ABSOLUTE
    _printf_lli                              0x00000000   Number         0  stubs.o ABSOLUTE
    _printf_llo                              0x00000000   Number         0  stubs.o ABSOLUTE
    _printf_llu                              0x00000000   Number         0  stubs.o ABSOLUTE
    _printf_llx                              0x00000000   Number         0  stubs.o ABSOLUTE
    _printf_longlong_dec                     0x00000000   Number         0  stubs.o ABSOLUTE
    _printf_longlong_hex                     0x00000000   Number         0  stubs.o ABSOLUTE
    _printf_longlong_oct                     0x00000000   Number         0  stubs.o ABSOLUTE
    _printf_ls                               0x00000000   Number         0  stubs.o ABSOLUTE
    _printf_mbtowc                           0x00000000   Number         0  stubs.o ABSOLUTE
    _printf_n                                0x00000000   Number         0  stubs.o ABSOLUTE
    _printf_o                                0x00000000   Number         0  stubs.o ABSOLUTE
    _printf_p                                0x00000000   Number         0  stubs.o ABSOLUTE
    _printf_percent                          0x00000000   Number         0  stubs.o ABSOLUTE
    _printf_pre_padding                      0x00000000   Number         0  stubs.o ABSOLUTE
    _printf_return_value                     0x00000000   Number         0  stubs.o ABSOLUTE
    _printf_s                                0x00000000   Number         0  stubs.o ABSOLUTE
    _printf_sizespec                         0x00000000   Number         0  stubs.o ABSOLUTE
    _printf_str                              0x00000000   Number         0  stubs.o ABSOLUTE
    _printf_truncate_signed                  0x00000000   Number         0  stubs.o ABSOLUTE
    _printf_truncate_unsigned                0x00000000   Number         0  stubs.o ABSOLUTE
    _printf_u                                0x00000000   Number         0  stubs.o ABSOLUTE
    _printf_wc                               0x00000000   Number         0  stubs.o ABSOLUTE
    _printf_wctomb                           0x00000000   Number         0  stubs.o ABSOLUTE
    _printf_widthprec                        0x00000000   Number         0  stubs.o ABSOLUTE
    _printf_x                                0x00000000   Number         0  stubs.o ABSOLUTE
    __cpp_initialize__aeabi_                  - Undefined Weak Reference
    __cxa_finalize                            - Undefined Weak Reference
    _clock_init                               - Undefined Weak Reference
    _microlib_exit                            - Undefined Weak Reference
    __Vectors_Size                           0x00000130   Number         0  startup_stm32f10x_hd.o ABSOLUTE
    __Vectors                                0x08000000   Data           4  startup_stm32f10x_hd.o(RESET)
    __Vectors_End                            0x08000130   Data           0  startup_stm32f10x_hd.o(RESET)
    __main                                   0x08000131   Thumb Code     0  entry.o(.ARM.Collect$$$$00000000)
    _main_stk                                0x08000131   Thumb Code     0  entry2.o(.ARM.Collect$$$$00000001)
    _main_scatterload                        0x08000135   Thumb Code     0  entry5.o(.ARM.Collect$$$$00000004)
    __main_after_scatterload                 0x08000139   Thumb Code     0  entry5.o(.ARM.Collect$$$$00000004)
    _main_clock                              0x08000139   Thumb Code     0  entry7b.o(.ARM.Collect$$$$00000008)
    _main_cpp_init                           0x08000139   Thumb Code     0  entry8b.o(.ARM.Collect$$$$0000000A)
    _main_init                               0x08000139   Thumb Code     0  entry9a.o(.ARM.Collect$$$$0000000B)
    __rt_final_cpp                           0x08000141   Thumb Code     0  entry10a.o(.ARM.Collect$$$$0000000D)
    __rt_final_exit                          0x08000141   Thumb Code     0  entry11a.o(.ARM.Collect$$$$0000000F)
    Reset_Handler                            0x08000145   Thumb Code     8  startup_stm32f10x_hd.o(.text)
    NMI_Handler                              0x0800014d   Thumb Code     2  startup_stm32f10x_hd.o(.text)
    MemManage_Handler                        0x08000151   Thumb Code     2  startup_stm32f10x_hd.o(.text)
    BusFault_Handler                         0x08000153   Thumb Code     2  startup_stm32f10x_hd.o(.text)
    UsageFault_Handler                       0x08000155   Thumb Code     2  startup_stm32f10x_hd.o(.text)
    SVC_Handler                              0x08000157   Thumb Code     2  startup_stm32f10x_hd.o(.text)
    DebugMon_Handler                         0x08000159   Thumb Code     2  startup_stm32f10x_hd.o(.text)
    ADC1_2_IRQHandler                        0x0800015f   Thumb Code     0  startup_stm32f10x_hd.o(.text)
    ADC3_IRQHandler                          0x0800015f   Thumb Code     0  startup_stm32f10x_hd.o(.text)
    CAN1_RX1_IRQHandler                      0x0800015f   Thumb Code     0  startup_stm32f10x_hd.o(.text)
    CAN1_SCE_IRQHandler                      0x0800015f   Thumb Code     0  startup_stm32f10x_hd.o(.text)
    DMA1_Channel1_IRQHandler                 0x0800015f   Thumb Code     0  startup_stm32f10x_hd.o(.text)
    DMA1_Channel2_IRQHandler                 0x0800015f   Thumb Code     0  startup_stm32f10x_hd.o(.text)
    DMA1_Channel3_IRQHandler                 0x0800015f   Thumb Code     0  startup_stm32f10x_hd.o(.text)
    DMA1_Channel4_IRQHandler                 0x0800015f   Thumb Code     0  startup_stm32f10x_hd.o(.text)
    DMA1_Channel5_IRQHandler                 0x0800015f   Thumb Code     0  startup_stm32f10x_hd.o(.text)
    DMA1_Channel6_IRQHandler                 0x0800015f   Thumb Code     0  startup_stm32f10x_hd.o(.text)
    DMA1_Channel7_IRQHandler                 0x0800015f   Thumb Code     0  startup_stm32f10x_hd.o(.text)
    DMA2_Channel1_IRQHandler                 0x0800015f   Thumb Code     0  startup_stm32f10x_hd.o(.text)
    DMA2_Channel2_IRQHandler                 0x0800015f   Thumb Code     0  startup_stm32f10x_hd.o(.text)
    DMA2_Channel3_IRQHandler                 0x0800015f   Thumb Code     0  startup_stm32f10x_hd.o(.text)
    DMA2_Channel4_5_IRQHandler               0x0800015f   Thumb Code     0  startup_stm32f10x_hd.o(.text)
    EXTI1_IRQHandler                         0x0800015f   Thumb Code     0  startup_stm32f10x_hd.o(.text)
    EXTI3_IRQHandler                         0x0800015f   Thumb Code     0  startup_stm32f10x_hd.o(.text)
    EXTI4_IRQHandler                         0x0800015f   Thumb Code     0  startup_stm32f10x_hd.o(.text)
    EXTI9_5_IRQHandler                       0x0800015f   Thumb Code     0  startup_stm32f10x_hd.o(.text)
    FLASH_IRQHandler                         0x0800015f   Thumb Code     0  startup_stm32f10x_hd.o(.text)
    FSMC_IRQHandler                          0x0800015f   Thumb Code     0  startup_stm32f10x_hd.o(.text)
    I2C1_ER_IRQHandler                       0x0800015f   Thumb Code     0  startup_stm32f10x_hd.o(.text)
    I2C1_EV_IRQHandler                       0x0800015f   Thumb Code     0  startup_stm32f10x_hd.o(.text)
    I2C2_ER_IRQHandler                       0x0800015f   Thumb Code     0  startup_stm32f10x_hd.o(.text)
    I2C2_EV_IRQHandler                       0x0800015f   Thumb Code     0  startup_stm32f10x_hd.o(.text)
    PVD_IRQHandler                           0x0800015f   Thumb Code     0  startup_stm32f10x_hd.o(.text)
    RCC_IRQHandler                           0x0800015f   Thumb Code     0  startup_stm32f10x_hd.o(.text)
    RTCAlarm_IRQHandler                      0x0800015f   Thumb Code     0  startup_stm32f10x_hd.o(.text)
    RTC_IRQHandler                           0x0800015f   Thumb Code     0  startup_stm32f10x_hd.o(.text)
    SDIO_IRQHandler                          0x0800015f   Thumb Code     0  startup_stm32f10x_hd.o(.text)
    SPI1_IRQHandler                          0x0800015f   Thumb Code     0  startup_stm32f10x_hd.o(.text)
    SPI2_IRQHandler                          0x0800015f   Thumb Code     0  startup_stm32f10x_hd.o(.text)
    SPI3_IRQHandler                          0x0800015f   Thumb Code     0  startup_stm32f10x_hd.o(.text)
    TAMPER_IRQHandler                        0x0800015f   Thumb Code     0  startup_stm32f10x_hd.o(.text)
    TIM1_BRK_IRQHandler                      0x0800015f   Thumb Code     0  startup_stm32f10x_hd.o(.text)
    TIM1_CC_IRQHandler                       0x0800015f   Thumb Code     0  startup_stm32f10x_hd.o(.text)
    TIM1_TRG_COM_IRQHandler                  0x0800015f   Thumb Code     0  startup_stm32f10x_hd.o(.text)
    TIM1_UP_IRQHandler                       0x0800015f   Thumb Code     0  startup_stm32f10x_hd.o(.text)
    TIM2_IRQHandler                          0x0800015f   Thumb Code     0  startup_stm32f10x_hd.o(.text)
    TIM3_IRQHandler                          0x0800015f   Thumb Code     0  startup_stm32f10x_hd.o(.text)
    TIM4_IRQHandler                          0x0800015f   Thumb Code     0  startup_stm32f10x_hd.o(.text)
    TIM5_IRQHandler                          0x0800015f   Thumb Code     0  startup_stm32f10x_hd.o(.text)
    TIM7_IRQHandler                          0x0800015f   Thumb Code     0  startup_stm32f10x_hd.o(.text)
    TIM8_BRK_IRQHandler                      0x0800015f   Thumb Code     0  startup_stm32f10x_hd.o(.text)
    TIM8_CC_IRQHandler                       0x0800015f   Thumb Code     0  startup_stm32f10x_hd.o(.text)
    TIM8_TRG_COM_IRQHandler                  0x0800015f   Thumb Code     0  startup_stm32f10x_hd.o(.text)
    TIM8_UP_IRQHandler                       0x0800015f   Thumb Code     0  startup_stm32f10x_hd.o(.text)
    UART4_IRQHandler                         0x0800015f   Thumb Code     0  startup_stm32f10x_hd.o(.text)
    UART5_IRQHandler                         0x0800015f   Thumb Code     0  startup_stm32f10x_hd.o(.text)
    USART1_IRQHandler                        0x0800015f   Thumb Code     0  startup_stm32f10x_hd.o(.text)
    USART2_IRQHandler                        0x0800015f   Thumb Code     0  startup_stm32f10x_hd.o(.text)
    USART3_IRQHandler                        0x0800015f   Thumb Code     0  startup_stm32f10x_hd.o(.text)
    USBWakeUp_IRQHandler                     0x0800015f   Thumb Code     0  startup_stm32f10x_hd.o(.text)
    USB_HP_CAN1_TX_IRQHandler                0x0800015f   Thumb Code     0  startup_stm32f10x_hd.o(.text)
    USB_LP_CAN1_RX0_IRQHandler               0x0800015f   Thumb Code     0  startup_stm32f10x_hd.o(.text)
    WWDG_IRQHandler                          0x0800015f   Thumb Code     0  startup_stm32f10x_hd.o(.text)
    rt_hw_interrupt_disable                  0x08000169   Thumb Code     8  context_rvds.o(.text)
    rt_hw_interrupt_enable                   0x08000171   Thumb Code     6  context_rvds.o(.text)
    rt_hw_context_switch                     0x08000177   Thumb Code    32  context_rvds.o(.text)
    rt_hw_context_switch_interrupt           0x08000177   Thumb Code     0  context_rvds.o(.text)
    PendSV_Handler                           0x08000197   Thumb Code    60  context_rvds.o(.text)
    rt_hw_context_switch_to                  0x080001d3   Thumb Code    58  context_rvds.o(.text)
    rt_hw_interrupt_thread_switch            0x0800020d   Thumb Code     2  context_rvds.o(.text)
    HardFault_Handler                        0x0800020f   Thumb Code    48  context_rvds.o(.text)
    __aeabi_fmul                             0x08000259   Thumb Code   100  fmul.o(.text)
    __aeabi_fdiv                             0x080002bd   Thumb Code   124  fdiv.o(.text)
    __aeabi_dadd                             0x08000339   Thumb Code   322  dadd.o(.text)
    __aeabi_dsub                             0x0800047b   Thumb Code     6  dadd.o(.text)
    __aeabi_drsub                            0x08000481   Thumb Code     6  dadd.o(.text)
    __aeabi_dmul                             0x08000487   Thumb Code   228  dmul.o(.text)
    __aeabi_ddiv                             0x0800056b   Thumb Code   222  ddiv.o(.text)
    __aeabi_ui2f                             0x08000649   Thumb Code    10  ffltui.o(.text)
    __aeabi_ui2d                             0x08000653   Thumb Code    26  dfltui.o(.text)
    __aeabi_d2uiz                            0x0800066d   Thumb Code    50  dfixui.o(.text)
    __aeabi_f2d                              0x0800069f   Thumb Code    38  f2d.o(.text)
    __aeabi_cdcmpeq                          0x080006c5   Thumb Code     0  cdcmple.o(.text)
    __aeabi_cdcmple                          0x080006c5   Thumb Code    48  cdcmple.o(.text)
    __aeabi_cdrcmple                         0x080006f5   Thumb Code    48  cdrcmple.o(.text)
    __aeabi_d2f                              0x08000725   Thumb Code    56  d2f.o(.text)
    __aeabi_cfcmpeq                          0x0800075d   Thumb Code     0  cfcmple.o(.text)
    __aeabi_cfcmple                          0x0800075d   Thumb Code    20  cfcmple.o(.text)
    __aeabi_cfrcmple                         0x08000771   Thumb Code    20  cfrcmple.o(.text)
    __aeabi_uidiv                            0x08000785   Thumb Code     0  uidiv.o(.text)
    __aeabi_uidivmod                         0x08000785   Thumb Code    44  uidiv.o(.text)
    __aeabi_uldivmod                         0x080007b1   Thumb Code    98  uldiv.o(.text)
    __aeabi_llsl                             0x08000813   Thumb Code    30  llshl.o(.text)
    _ll_shift_l                              0x08000813   Thumb Code     0  llshl.o(.text)
    __aeabi_llsr                             0x08000831   Thumb Code    32  llushr.o(.text)
    _ll_ushift_r                             0x08000831   Thumb Code     0  llushr.o(.text)
    __aeabi_lasr                             0x08000851   Thumb Code    36  llsshr.o(.text)
    _ll_sshift_r                             0x08000851   Thumb Code     0  llsshr.o(.text)
    __I$use$fp                               0x08000875   Thumb Code     0  iusefp.o(.text)
    _float_round                             0x08000875   Thumb Code    18  fepilogue.o(.text)
    _float_epilogue                          0x08000887   Thumb Code    92  fepilogue.o(.text)
    _double_round                            0x080008e3   Thumb Code    30  depilogue.o(.text)
    _double_epilogue                         0x08000901   Thumb Code   156  depilogue.o(.text)
    __aeabi_d2ulz                            0x0800099d   Thumb Code    48  dfixul.o(.text)
    __scatterload                            0x080009cd   Thumb Code    28  init.o(.text)
    __scatterload_rt2                        0x080009cd   Thumb Code     0  init.o(.text)
    __decompress                             0x080009f1   Thumb Code     0  __dczerorl2.o(.text)
    __decompress1                            0x080009f1   Thumb Code    86  __dczerorl2.o(.text)
    main                                     0x08000a47   Thumb Code    14  components.o(i.$Sub$$main)
    ADC_ClearITPendingBit                    0x08000a55   Thumb Code    10  stm32f10x_adc.o(i.ADC_ClearITPendingBit)
    ADC_Cmd                                  0x08000a5f   Thumb Code    22  stm32f10x_adc.o(i.ADC_Cmd)
    ADC_ExternalTrigConvCmd                  0x08000a75   Thumb Code    22  stm32f10x_adc.o(i.ADC_ExternalTrigConvCmd)
    ADC_GetCalibrationStatus                 0x08000a8b   Thumb Code    20  stm32f10x_adc.o(i.ADC_GetCalibrationStatus)
    ADC_GetConversionValue                   0x08000a9f   Thumb Code     8  stm32f10x_adc.o(i.ADC_GetConversionValue)
    ADC_GetITStatus                          0x08000aa7   Thumb Code    36  stm32f10x_adc.o(i.ADC_GetITStatus)
    ADC_GetResetCalibrationStatus            0x08000acb   Thumb Code    20  stm32f10x_adc.o(i.ADC_GetResetCalibrationStatus)
    ADC_ITConfig                             0x08000adf   Thumb Code    24  stm32f10x_adc.o(i.ADC_ITConfig)
    ADC_Init                                 0x08000af9   Thumb Code    70  stm32f10x_adc.o(i.ADC_Init)
    ADC_RegularChannelConfig                 0x08000b49   Thumb Code   184  stm32f10x_adc.o(i.ADC_RegularChannelConfig)
    ADC_ResetCalibration                     0x08000c01   Thumb Code    10  stm32f10x_adc.o(i.ADC_ResetCalibration)
    ADC_SoftwareStartConvCmd                 0x08000c0b   Thumb Code    22  stm32f10x_adc.o(i.ADC_SoftwareStartConvCmd)
    ADC_StartCalibration                     0x08000c21   Thumb Code    10  stm32f10x_adc.o(i.ADC_StartCalibration)
    ADCx_Init                                0x08000c81   Thumb Code    12  bsp_adc.o(i.ADCx_Init)
    BASIC_TIM_Init                           0x08000d9d   Thumb Code    12  bsp_timbase.o(i.BASIC_TIM_Init)
    CalculateFrequency                       0x08000e15   Thumb Code   300  osc.o(i.CalculateFrequency)
    Delay_us                                 0x08000f71   Thumb Code    18  bsp_timbase.o(i.Delay_us)
    EXTI0_IRQHandler                         0x08000f89   Thumb Code    26  stm32f10x_it.o(i.EXTI0_IRQHandler)
    EXTI15_10_IRQHandler                     0x08000fa3   Thumb Code    20  stm32f10x_it.o(i.EXTI15_10_IRQHandler)
    EXTI2_IRQHandler                         0x08000fb9   Thumb Code   232  stm32f10x_it.o(i.EXTI2_IRQHandler)
    EXTI_ClearITPendingBit                   0x080010bd   Thumb Code     6  stm32f10x_exti.o(i.EXTI_ClearITPendingBit)
    EXTI_GetITStatus                         0x080010c9   Thumb Code    34  stm32f10x_exti.o(i.EXTI_GetITStatus)
    EXTI_Init                                0x080010f1   Thumb Code   142  stm32f10x_exti.o(i.EXTI_Init)
    EXTI_Key_Config                          0x08001185   Thumb Code   148  bsp_key_exti.o(i.EXTI_Key_Config)
    FSMC_NORSRAMCmd                          0x08001285   Thumb Code    46  stm32f10x_fsmc.o(i.FSMC_NORSRAMCmd)
    FSMC_NORSRAMInit                         0x080012b9   Thumb Code   230  stm32f10x_fsmc.o(i.FSMC_NORSRAMInit)
    GPIO_EXTILineConfig                      0x080013a1   Thumb Code    60  stm32f10x_gpio.o(i.GPIO_EXTILineConfig)
    GPIO_Init                                0x080013e1   Thumb Code   278  stm32f10x_gpio.o(i.GPIO_Init)
    GPIO_ReadInputDataBit                    0x080014f7   Thumb Code    18  stm32f10x_gpio.o(i.GPIO_ReadInputDataBit)
    GPIO_ResetBits                           0x08001509   Thumb Code     4  stm32f10x_gpio.o(i.GPIO_ResetBits)
    GPIO_SetBits                             0x0800150d   Thumb Code     4  stm32f10x_gpio.o(i.GPIO_SetBits)
    Get_Trigger_Status                       0x08001511   Thumb Code   140  bsp_adc.o(i.Get_Trigger_Status)
    Get_Wave                                 0x080015b5   Thumb Code   406  bsp_adc.o(i.Get_Wave)
    Get_X_Data                               0x08001779   Thumb Code    62  bsp_adc.o(i.Get_X_Data)
    Get_Y_Data                               0x080017bd   Thumb Code    62  bsp_adc.o(i.Get_Y_Data)
    ILI9341_BackLed_Control                  0x08001801   Thumb Code    30  bsp_ili9341_lcd.o(i.ILI9341_BackLed_Control)
    ILI9341_Clear                            0x08001825   Thumb Code    40  bsp_ili9341_lcd.o(i.ILI9341_Clear)
    ILI9341_DispChar_EN                      0x08001865   Thumb Code   138  bsp_ili9341_lcd.o(i.ILI9341_DispChar_EN)
    ILI9341_DispString_EN                    0x080018fd   Thumb Code    92  bsp_ili9341_lcd.o(i.ILI9341_DispString_EN)
    ILI9341_DrawDottedLine                   0x08001965   Thumb Code   194  bsp_ili9341_lcd.o(i.ILI9341_DrawDottedLine)
    ILI9341_DrawLine                         0x08001a27   Thumb Code   160  bsp_ili9341_lcd.o(i.ILI9341_DrawLine)
    ILI9341_GramScan                         0x08001cdd   Thumb Code   172  bsp_ili9341_lcd.o(i.ILI9341_GramScan)
    ILI9341_Init                             0x08001d95   Thumb Code    34  bsp_ili9341_lcd.o(i.ILI9341_Init)
    ILI9341_OpenWindow                       0x08001dbd   Thumb Code    88  bsp_ili9341_lcd.o(i.ILI9341_OpenWindow)
    ILI9341_Rst                              0x08002045   Thumb Code    36  bsp_ili9341_lcd.o(i.ILI9341_Rst)
    ILI9341_SetPointPixel                    0x08002081   Thumb Code    42  bsp_ili9341_lcd.o(i.ILI9341_SetPointPixel)
    ILI9341_Write_Cmd                        0x080020b9   Thumb Code     8  bsp_ili9341_lcd.o(i.ILI9341_Write_Cmd)
    ILI9341_Write_Data                       0x080020c1   Thumb Code     6  bsp_ili9341_lcd.o(i.ILI9341_Write_Data)
    Key_Scan                                 0x080020cd   Thumb Code   196  osc.o(i.Key_Scan)
    LCD_GetFont                              0x080021ad   Thumb Code     6  bsp_ili9341_lcd.o(i.LCD_GetFont)
    LCD_SetColors                            0x080021b9   Thumb Code    10  bsp_ili9341_lcd.o(i.LCD_SetColors)
    LCD_SetTextColor                         0x080021cd   Thumb Code     6  bsp_ili9341_lcd.o(i.LCD_SetTextColor)
    LED_GPIO_Config                          0x080021d9   Thumb Code    90  bsp_led.o(i.LED_GPIO_Config)
    NVIC_Init                                0x08002261   Thumb Code   100  misc.o(i.NVIC_Init)
    NVIC_PriorityGroupConfig                 0x080022d1   Thumb Code    10  misc.o(i.NVIC_PriorityGroupConfig)
    PS2_Key_Config                           0x080022e5   Thumb Code    80  bsp_ps2.o(i.PS2_Key_Config)
    PlotBlackground                          0x08002339   Thumb Code  2092  osc.o(i.PlotBlackground)
    PlotWave                                 0x08002b65   Thumb Code   158  osc.o(i.PlotWave)
    RCC_ADCCLKConfig                         0x08002c15   Thumb Code    18  stm32f10x_rcc.o(i.RCC_ADCCLKConfig)
    RCC_AHBPeriphClockCmd                    0x08002c2d   Thumb Code    26  stm32f10x_rcc.o(i.RCC_AHBPeriphClockCmd)
    RCC_APB1PeriphClockCmd                   0x08002c4d   Thumb Code    26  stm32f10x_rcc.o(i.RCC_APB1PeriphClockCmd)
    RCC_APB2PeriphClockCmd                   0x08002c6d   Thumb Code    26  stm32f10x_rcc.o(i.RCC_APB2PeriphClockCmd)
    RCC_GetClocksFreq                        0x08002c8d   Thumb Code   192  stm32f10x_rcc.o(i.RCC_GetClocksFreq)
    Read_SW_Data                             0x08002d61   Thumb Code    12  bsp_ps2.o(i.Read_SW_Data)
    Read_X_Data                              0x08002d71   Thumb Code    10  bsp_ps2.o(i.Read_X_Data)
    Read_Y_Data                              0x08002d7b   Thumb Code    10  bsp_ps2.o(i.Read_Y_Data)
    Run                                      0x08002d85   Thumb Code   208  osc.o(i.Run)
    Setting                                  0x08002fc9   Thumb Code   232  osc.o(i.Setting)
    Setting_Inf_Update                       0x080030d5   Thumb Code   514  osc.o(i.Setting_Inf_Update)
    SysTick_Handler                          0x08003545   Thumb Code    16  board.o(i.SysTick_Handler)
    SystemInit                               0x08003555   Thumb Code    78  system_stm32f10x.o(i.SystemInit)
    TIM6_IRQHandler                          0x080035b5   Thumb Code    32  stm32f10x_it.o(i.TIM6_IRQHandler)
    TIM_ClearFlag                            0x080035dd   Thumb Code     6  stm32f10x_tim.o(i.TIM_ClearFlag)
    TIM_ClearITPendingBit                    0x080035e3   Thumb Code     6  stm32f10x_tim.o(i.TIM_ClearITPendingBit)
    TIM_Cmd                                  0x080035e9   Thumb Code    24  stm32f10x_tim.o(i.TIM_Cmd)
    TIM_GetITStatus                          0x08003601   Thumb Code    34  stm32f10x_tim.o(i.TIM_GetITStatus)
    TIM_ITConfig                             0x08003623   Thumb Code    18  stm32f10x_tim.o(i.TIM_ITConfig)
    TIM_TimeBaseInit                         0x08003635   Thumb Code   122  stm32f10x_tim.o(i.TIM_TimeBaseInit)
    USART_Cmd                                0x080036d9   Thumb Code    24  stm32f10x_usart.o(i.USART_Cmd)
    USART_Config                             0x080036f1   Thumb Code   146  bsp_usart.o(i.USART_Config)
    USART_DMACmd                             0x0800378d   Thumb Code    18  stm32f10x_usart.o(i.USART_DMACmd)
    USART_GetFlagStatus                      0x0800379f   Thumb Code    26  stm32f10x_usart.o(i.USART_GetFlagStatus)
    USART_ITConfig                           0x080037b9   Thumb Code    74  stm32f10x_usart.o(i.USART_ITConfig)
    USART_Init                               0x08003805   Thumb Code   210  stm32f10x_usart.o(i.USART_Init)
    USART_SendData                           0x080038dd   Thumb Code     8  stm32f10x_usart.o(i.USART_SendData)
    __0sprintf                               0x080038e5   Thumb Code    34  printfa.o(i.__0sprintf)
    __1sprintf                               0x080038e5   Thumb Code     0  printfa.o(i.__0sprintf)
    __2sprintf                               0x080038e5   Thumb Code     0  printfa.o(i.__0sprintf)
    __c89sprintf                             0x080038e5   Thumb Code     0  printfa.o(i.__0sprintf)
    sprintf                                  0x080038e5   Thumb Code     0  printfa.o(i.__0sprintf)
    __rt_ffs                                 0x0800390d   Thumb Code    70  kservice.o(i.__rt_ffs)
    __scatterload_copy                       0x08003959   Thumb Code    14  handlers.o(i.__scatterload_copy)
    __scatterload_null                       0x08003967   Thumb Code     2  handlers.o(i.__scatterload_null)
    __scatterload_zeroinit                   0x08003969   Thumb Code    14  handlers.o(i.__scatterload_zeroinit)
    $Super$$main                             0x0800433f   Thumb Code    10  main.o(i.main)
    main_thread_entry                        0x08004349   Thumb Code    14  components.o(i.main_thread_entry)
    rt_application_init                      0x0800455d   Thumb Code    32  components.o(i.rt_application_init)
    rt_components_board_init                 0x08004589   Thumb Code    20  components.o(i.rt_components_board_init)
    rt_components_init                       0x080045a5   Thumb Code    20  components.o(i.rt_components_init)
    rt_enter_critical                        0x080045c1   Thumb Code    28  scheduler.o(i.rt_enter_critical)
    rt_exit_critical                         0x080045e1   Thumb Code    54  scheduler.o(i.rt_exit_critical)
    rt_free                                  0x0800461d   Thumb Code   128  mem.o(i.rt_free)
    rt_heap_begin_get                        0x080046fd   Thumb Code     4  board.o(i.rt_heap_begin_get)
    rt_heap_end_get                          0x08004705   Thumb Code     4  board.o(i.rt_heap_end_get)
    rt_hw_board_init                         0x0800470d   Thumb Code   318  board.o(i.rt_hw_board_init)
    rt_hw_console_output                     0x08004885   Thumb Code    74  board.o(i.rt_hw_console_output)
    rt_hw_hard_fault_exception               0x080048d5   Thumb Code   190  cpuport.o(i.rt_hw_hard_fault_exception)
    rt_hw_stack_init                         0x08004ad5   Thumb Code    70  cpuport.o(i.rt_hw_stack_init)
    rt_interrupt_enter                       0x08004b21   Thumb Code    26  irq.o(i.rt_interrupt_enter)
    rt_interrupt_leave                       0x08004b41   Thumb Code    26  irq.o(i.rt_interrupt_leave)
    rt_kprintf                               0x08004c25   Thumb Code    44  kservice.o(i.rt_kprintf)
    rt_malloc                                0x08004ce5   Thumb Code   336  mem.o(i.rt_malloc)
    rt_memcpy                                0x08004e51   Thumb Code   124  kservice.o(i.rt_memcpy)
    rt_memset                                0x08004ecd   Thumb Code    72  kservice.o(i.rt_memset)
    rt_mq_create                             0x08004f15   Thumb Code   128  ipc.o(i.rt_mq_create)
    rt_mq_delete                             0x08004f95   Thumb Code    28  ipc.o(i.rt_mq_delete)
    rt_mq_recv                               0x08004fb1   Thumb Code   252  ipc.o(i.rt_mq_recv)
    rt_mq_send                               0x080050ad   Thumb Code   140  ipc.o(i.rt_mq_send)
    rt_object_allocate                       0x08005139   Thumb Code    74  object.o(i.rt_object_allocate)
    rt_object_delete                         0x08005183   Thumb Code    32  object.o(i.rt_object_delete)
    rt_object_detach                         0x080051a3   Thumb Code    26  object.o(i.rt_object_detach)
    rt_object_get_information                0x080051bd   Thumb Code    36  object.o(i.rt_object_get_information)
    rt_object_init                           0x080051e5   Thumb Code    60  object.o(i.rt_object_init)
    rt_object_is_systemobject                0x08005221   Thumb Code    18  object.o(i.rt_object_is_systemobject)
    rt_schedule                              0x08005235   Thumb Code   118  scheduler.o(i.rt_schedule)
    rt_schedule_insert_thread                0x080052c5   Thumb Code    72  scheduler.o(i.rt_schedule_insert_thread)
    rt_schedule_remove_thread                0x08005315   Thumb Code    76  scheduler.o(i.rt_schedule_remove_thread)
    rt_sem_init                              0x08005369   Thumb Code    38  ipc.o(i.rt_sem_init)
    rt_sem_release                           0x0800538f   Thumb Code    58  ipc.o(i.rt_sem_release)
    rt_sem_take                              0x080053c9   Thumb Code   116  ipc.o(i.rt_sem_take)
    rt_show_version                          0x0800543d   Thumb Code    38  kservice.o(i.rt_show_version)
    rt_strlen                                0x080054ed   Thumb Code    18  kservice.o(i.rt_strlen)
    rt_strncpy                               0x080054ff   Thumb Code    52  kservice.o(i.rt_strncpy)
    rt_system_heap_init                      0x08005535   Thumb Code   160  mem.o(i.rt_system_heap_init)
    rt_system_scheduler_init                 0x0800562d   Thumb Code    52  scheduler.o(i.rt_system_scheduler_init)
    rt_system_scheduler_start                0x08005679   Thumb Code    36  scheduler.o(i.rt_system_scheduler_start)
    rt_system_timer_init                     0x080056a9   Thumb Code    24  timer.o(i.rt_system_timer_init)
    rt_system_timer_thread_init              0x080056c5   Thumb Code     2  timer.o(i.rt_system_timer_thread_init)
    rt_thread_create                         0x080056c7   Thumb Code    80  thread.o(i.rt_thread_create)
    rt_thread_delay                          0x08005717   Thumb Code    12  thread.o(i.rt_thread_delay)
    rt_thread_exit                           0x08005725   Thumb Code    76  thread.o(i.rt_thread_exit)
    rt_thread_idle_excute                    0x08005781   Thumb Code   128  idle.o(i.rt_thread_idle_excute)
    rt_thread_idle_init                      0x08005805   Thumb Code    38  idle.o(i.rt_thread_idle_init)
    rt_thread_init                           0x08005841   Thumb Code    52  thread.o(i.rt_thread_init)
    rt_thread_resume                         0x08005875   Thumb Code    60  thread.o(i.rt_thread_resume)
    rt_thread_self                           0x080058b1   Thumb Code     6  thread.o(i.rt_thread_self)
    rt_thread_sleep                          0x080058bd   Thumb Code    62  thread.o(i.rt_thread_sleep)
    rt_thread_startup                        0x08005901   Thumb Code    44  thread.o(i.rt_thread_startup)
    rt_thread_suspend                        0x0800592d   Thumb Code    68  thread.o(i.rt_thread_suspend)
    rt_thread_timeout                        0x08005971   Thumb Code    32  thread.o(i.rt_thread_timeout)
    rt_thread_yield                          0x08005991   Thumb Code    92  thread.o(i.rt_thread_yield)
    rt_tick_get                              0x080059f5   Thumb Code     6  clock.o(i.rt_tick_get)
    rt_tick_increase                         0x08005a01   Thumb Code    42  clock.o(i.rt_tick_increase)
    rt_timer_check                           0x08005a31   Thumb Code   118  timer.o(i.rt_timer_check)
    rt_timer_control                         0x08005aad   Thumb Code    56  timer.o(i.rt_timer_control)
    rt_timer_detach                          0x08005ae5   Thumb Code    32  timer.o(i.rt_timer_detach)
    rt_timer_init                            0x08005b05   Thumb Code    46  timer.o(i.rt_timer_init)
    rt_timer_start                           0x08005b35   Thumb Code   238  timer.o(i.rt_timer_start)
    rt_timer_stop                            0x08005c2d   Thumb Code    48  timer.o(i.rt_timer_stop)
    rt_vsnprintf                             0x08005c5d   Thumb Code   800  kservice.o(i.rt_vsnprintf)
    rtthread_startup                         0x08005f95   Thumb Code    42  components.o(i.rtthread_startup)
    ASCII8x16_Table                          0x08005fe4   Data        1520  fonts.o(.constdata)
    ASCII16x24_Table                         0x080065d4   Data        4560  fonts.o(.constdata)
    ASCII24x32_Table                         0x080077a4   Data        9120  fonts.o(.constdata)
    __lowest_bit_bitmap                      0x08009b44   Data         256  kservice.o(.constdata)
    __rt_init_rti_start                      0x08009c98   Data           4  components.o(.rti_fn.0)
    __rt_init_rti_board_start                0x08009c9c   Data           4  components.o(.rti_fn.0.end)
    __rt_init_rti_board_end                  0x08009ca0   Data           4  components.o(.rti_fn.1.end)
    __rt_init_rti_end                        0x08009ca4   Data           4  components.o(.rti_fn.6.end)
    Region$$Table$$Base                      0x08009ca8   Number         0  anon$$obj.o(Region$$Table)
    Region$$Table$$Limit                     0x08009cc8   Number         0  anon$$obj.o(Region$$Table)
    SystemCoreClock                          0x20000000   Data           4  system_stm32f10x.o(.data)
    AHBPrescTable                            0x20000004   Data          16  system_stm32f10x.o(.data)
    Time_us                                  0x20000028   Data           4  stm32f10x_it.o(.data)
    ADC_SampleCount                          0x2000002c   Data           2  stm32f10x_it.o(.data)
    setting_data_set                         0x2000002e   Data           1  stm32f10x_it.o(.data)
    LCD_X_LENGTH                             0x20000030   Data           2  bsp_ili9341_lcd.o(.data)
    LCD_Y_LENGTH                             0x20000032   Data           2  bsp_ili9341_lcd.o(.data)
    LCD_SCAN_MODE                            0x20000034   Data           1  bsp_ili9341_lcd.o(.data)
    Wave_Centor_X                            0x20000040   Data           2  bsp_ili9341_lcd.o(.data)
    Wave_Centor_Y                            0x20000042   Data           2  bsp_ili9341_lcd.o(.data)
    Wave_Height                              0x20000044   Data           2  bsp_ili9341_lcd.o(.data)
    Wave_Width                               0x20000046   Data           2  bsp_ili9341_lcd.o(.data)
    Font8x16                                 0x2000004c   Data           8  fonts.o(.data)
    Font16x24                                0x20000054   Data           8  fonts.o(.data)
    Font24x32                                0x2000005c   Data           8  fonts.o(.data)
    setting_data_queue                       0x20000064   Data           4  osc.o(.data)
    getwave_status_queue                     0x20000068   Data           4  osc.o(.data)
    key_scan_queue                           0x2000006c   Data           4  osc.o(.data)
    Setting_thread                           0x20000070   Data           4  osc.o(.data)
    GetWave_thread                           0x20000074   Data           4  osc.o(.data)
    PlotWave_thread                          0x20000078   Data           4  osc.o(.data)
    KeyScan_thread                           0x2000007c   Data           4  osc.o(.data)
    SamplStatus                              0x20000080   Data           8  osc.o(.data)
    TriggerMode                              0x20000088   Data           8  osc.o(.data)
    SamplingMode                             0x20000090   Data          12  osc.o(.data)
    TimePerDiv_Group                         0x2000009c   Data          16  osc.o(.data)
    SamplStatusNrb                           0x200000ac   Data           1  osc.o(.data)
    TriggerModeNrb                           0x200000ad   Data           1  osc.o(.data)
    SamplingModeNrb                          0x200000ae   Data           1  osc.o(.data)
    TimePerDivOderNbr                        0x200000af   Data           1  osc.o(.data)
    TimePerDivOder                           0x200000b0   Data           1  osc.o(.data)
    CurSamplStatus                           0x200000b4   Data           4  osc.o(.data)
    CurTriggerValue                          0x200000b8   Data           4  osc.o(.data)
    CurTriggerMode                           0x200000bc   Data           4  osc.o(.data)
    CurSamplingMode                          0x200000c0   Data           4  osc.o(.data)
    CurTimePerDiv                            0x200000c4   Data           2  osc.o(.data)
    WaveFrq                                  0x200000c8   Data           4  osc.o(.data)
    rt_interrupt_nest                        0x200000d0   Data           1  irq.o(.data)
    rt_current_thread                        0x20000140   Data           4  scheduler.o(.data)
    rt_current_priority                      0x20000144   Data           1  scheduler.o(.data)
    rt_thread_ready_priority_group           0x20000148   Data           4  scheduler.o(.data)
    rt_thread_defunct                        0x2000014c   Data           8  scheduler.o(.data)
    rt_interrupt_from_thread                 0x20000160   Data           4  cpuport.o(.data)
    rt_interrupt_to_thread                   0x20000164   Data           4  cpuport.o(.data)
    rt_thread_switch_interrupt_flag          0x20000168   Data           4  cpuport.o(.data)
    ADC_ConvertedValue                       0x20000170   Data         400  osc.o(.bss)
    rt_thread_priority_table                 0x20001518   Data          64  scheduler.o(.bss)
    __initial_sp                             0x20001958   Data           0  startup_stm32f10x_hd.o(STACK)



==============================================================================

Memory Map of the image

  Image Entry point : 0x08000131

  Load Region LR_IROM1 (Base: 0x08000000, Size: 0x00009e38, Max: 0x00080000, ABSOLUTE, COMPRESSED[0x00009d6c])

    Execution Region ER_IROM1 (Exec base: 0x08000000, Load base: 0x08000000, Size: 0x00009cc8, Max: 0x00080000, ABSOLUTE)

    Exec Addr    Load Addr    Size         Type   Attr      Idx    E Section Name        Object

    0x08000000   0x08000000   0x00000130   Data   RO            3    RESET               startup_stm32f10x_hd.o
    0x08000130   0x08000130   0x00000000   Code   RO         4819  * .ARM.Collect$$$$00000000  mc_w.l(entry.o)
    0x08000130   0x08000130   0x00000004   Code   RO         5111    .ARM.Collect$$$$00000001  mc_w.l(entry2.o)
    0x08000134   0x08000134   0x00000004   Code   RO         5114    .ARM.Collect$$$$00000004  mc_w.l(entry5.o)
    0x08000138   0x08000138   0x00000000   Code   RO         5116    .ARM.Collect$$$$00000008  mc_w.l(entry7b.o)
    0x08000138   0x08000138   0x00000000   Code   RO         5118    .ARM.Collect$$$$0000000A  mc_w.l(entry8b.o)
    0x08000138   0x08000138   0x00000008   Code   RO         5119    .ARM.Collect$$$$0000000B  mc_w.l(entry9a.o)
    0x08000140   0x08000140   0x00000000   Code   RO         5121    .ARM.Collect$$$$0000000D  mc_w.l(entry10a.o)
    0x08000140   0x08000140   0x00000000   Code   RO         5123    .ARM.Collect$$$$0000000F  mc_w.l(entry11a.o)
    0x08000140   0x08000140   0x00000004   Code   RO         5112    .ARM.Collect$$$$00002712  mc_w.l(entry2.o)
    0x08000144   0x08000144   0x00000024   Code   RO            4    .text               startup_stm32f10x_hd.o
    0x08000168   0x08000168   0x000000f0   Code   RO         4815    .text               context_rvds.o
    0x08000258   0x08000258   0x00000064   Code   RO         5083    .text               mf_w.l(fmul.o)
    0x080002bc   0x080002bc   0x0000007c   Code   RO         5085    .text               mf_w.l(fdiv.o)
    0x08000338   0x08000338   0x0000014e   Code   RO         5087    .text               mf_w.l(dadd.o)
    0x08000486   0x08000486   0x000000e4   Code   RO         5089    .text               mf_w.l(dmul.o)
    0x0800056a   0x0800056a   0x000000de   Code   RO         5091    .text               mf_w.l(ddiv.o)
    0x08000648   0x08000648   0x0000000a   Code   RO         5093    .text               mf_w.l(ffltui.o)
    0x08000652   0x08000652   0x0000001a   Code   RO         5095    .text               mf_w.l(dfltui.o)
    0x0800066c   0x0800066c   0x00000032   Code   RO         5097    .text               mf_w.l(dfixui.o)
    0x0800069e   0x0800069e   0x00000026   Code   RO         5099    .text               mf_w.l(f2d.o)
    0x080006c4   0x080006c4   0x00000030   Code   RO         5101    .text               mf_w.l(cdcmple.o)
    0x080006f4   0x080006f4   0x00000030   Code   RO         5103    .text               mf_w.l(cdrcmple.o)
    0x08000724   0x08000724   0x00000038   Code   RO         5105    .text               mf_w.l(d2f.o)
    0x0800075c   0x0800075c   0x00000014   Code   RO         5107    .text               mf_w.l(cfcmple.o)
    0x08000770   0x08000770   0x00000014   Code   RO         5109    .text               mf_w.l(cfrcmple.o)
    0x08000784   0x08000784   0x0000002c   Code   RO         5126    .text               mc_w.l(uidiv.o)
    0x080007b0   0x080007b0   0x00000062   Code   RO         5128    .text               mc_w.l(uldiv.o)
    0x08000812   0x08000812   0x0000001e   Code   RO         5130    .text               mc_w.l(llshl.o)
    0x08000830   0x08000830   0x00000020   Code   RO         5132    .text               mc_w.l(llushr.o)
    0x08000850   0x08000850   0x00000024   Code   RO         5134    .text               mc_w.l(llsshr.o)
    0x08000874   0x08000874   0x00000000   Code   RO         5136    .text               mc_w.l(iusefp.o)
    0x08000874   0x08000874   0x0000006e   Code   RO         5137    .text               mf_w.l(fepilogue.o)
    0x080008e2   0x080008e2   0x000000ba   Code   RO         5139    .text               mf_w.l(depilogue.o)
    0x0800099c   0x0800099c   0x00000030   Code   RO         5141    .text               mf_w.l(dfixul.o)
    0x080009cc   0x080009cc   0x00000024   Code   RO         5143    .text               mc_w.l(init.o)
    0x080009f0   0x080009f0   0x00000056   Code   RO         5153    .text               mc_w.l(__dczerorl2.o)
    0x08000a46   0x08000a46   0x0000000e   Code   RO         3841    i.$Sub$$main        components.o
    0x08000a54   0x08000a54   0x0000000a   Code   RO          182    i.ADC_ClearITPendingBit  stm32f10x_adc.o
    0x08000a5e   0x08000a5e   0x00000016   Code   RO          183    i.ADC_Cmd           stm32f10x_adc.o
    0x08000a74   0x08000a74   0x00000016   Code   RO          188    i.ADC_ExternalTrigConvCmd  stm32f10x_adc.o
    0x08000a8a   0x08000a8a   0x00000014   Code   RO          191    i.ADC_GetCalibrationStatus  stm32f10x_adc.o
    0x08000a9e   0x08000a9e   0x00000008   Code   RO          192    i.ADC_GetConversionValue  stm32f10x_adc.o
    0x08000aa6   0x08000aa6   0x00000024   Code   RO          195    i.ADC_GetITStatus   stm32f10x_adc.o
    0x08000aca   0x08000aca   0x00000014   Code   RO          197    i.ADC_GetResetCalibrationStatus  stm32f10x_adc.o
    0x08000ade   0x08000ade   0x00000018   Code   RO          200    i.ADC_ITConfig      stm32f10x_adc.o
    0x08000af6   0x08000af6   0x00000002   PAD
    0x08000af8   0x08000af8   0x00000050   Code   RO          201    i.ADC_Init          stm32f10x_adc.o
    0x08000b48   0x08000b48   0x000000b8   Code   RO          205    i.ADC_RegularChannelConfig  stm32f10x_adc.o
    0x08000c00   0x08000c00   0x0000000a   Code   RO          206    i.ADC_ResetCalibration  stm32f10x_adc.o
    0x08000c0a   0x08000c0a   0x00000016   Code   RO          208    i.ADC_SoftwareStartConvCmd  stm32f10x_adc.o
    0x08000c20   0x08000c20   0x0000000a   Code   RO          210    i.ADC_StartCalibration  stm32f10x_adc.o
    0x08000c2a   0x08000c2a   0x00000002   PAD
    0x08000c2c   0x08000c2c   0x00000054   Code   RO         3548    i.ADCx_GPIO_Config  bsp_adc.o
    0x08000c80   0x08000c80   0x0000000c   Code   RO         3549    i.ADCx_Init         bsp_adc.o
    0x08000c8c   0x08000c8c   0x00000110   Code   RO         3550    i.ADCx_Mode_Config  bsp_adc.o
    0x08000d9c   0x08000d9c   0x0000000c   Code   RO         3598    i.BASIC_TIM_Init    bsp_timbase.o
    0x08000da8   0x08000da8   0x00000040   Code   RO         3599    i.BASIC_TIM_Mode_Config  bsp_timbase.o
    0x08000de8   0x08000de8   0x0000002a   Code   RO         3600    i.BASIC_TIM_NVIC_Config  bsp_timbase.o
    0x08000e12   0x08000e12   0x00000002   PAD
    0x08000e14   0x08000e14   0x0000015c   Code   RO         3659    i.CalculateFrequency  osc.o
    0x08000f70   0x08000f70   0x00000018   Code   RO         3601    i.Delay_us          bsp_timbase.o
    0x08000f88   0x08000f88   0x0000001a   Code   RO         3178    i.EXTI0_IRQHandler  stm32f10x_it.o
    0x08000fa2   0x08000fa2   0x00000014   Code   RO         3179    i.EXTI15_10_IRQHandler  stm32f10x_it.o
    0x08000fb6   0x08000fb6   0x00000002   PAD
    0x08000fb8   0x08000fb8   0x00000104   Code   RO         3180    i.EXTI2_IRQHandler  stm32f10x_it.o
    0x080010bc   0x080010bc   0x0000000c   Code   RO          939    i.EXTI_ClearITPendingBit  stm32f10x_exti.o
    0x080010c8   0x080010c8   0x00000028   Code   RO          943    i.EXTI_GetITStatus  stm32f10x_exti.o
    0x080010f0   0x080010f0   0x00000094   Code   RO          944    i.EXTI_Init         stm32f10x_exti.o
    0x08001184   0x08001184   0x0000009c   Code   RO         3639    i.EXTI_Key_Config   bsp_key_exti.o
    0x08001220   0x08001220   0x0000003c   Code   RO         3640    i.EXTI_NVIC_Config  bsp_key_exti.o
    0x0800125c   0x0800125c   0x00000026   Code   RO         3723    i.EXTI_NVIC_Config  bsp_ps2.o
    0x08001282   0x08001282   0x00000002   PAD
    0x08001284   0x08001284   0x00000034   Code   RO         1177    i.FSMC_NORSRAMCmd   stm32f10x_fsmc.o
    0x080012b8   0x080012b8   0x000000e6   Code   RO         1179    i.FSMC_NORSRAMInit  stm32f10x_fsmc.o
    0x0800139e   0x0800139e   0x00000002   PAD
    0x080013a0   0x080013a0   0x00000040   Code   RO         1289    i.GPIO_EXTILineConfig  stm32f10x_gpio.o
    0x080013e0   0x080013e0   0x00000116   Code   RO         1292    i.GPIO_Init         stm32f10x_gpio.o
    0x080014f6   0x080014f6   0x00000012   Code   RO         1296    i.GPIO_ReadInputDataBit  stm32f10x_gpio.o
    0x08001508   0x08001508   0x00000004   Code   RO         1299    i.GPIO_ResetBits    stm32f10x_gpio.o
    0x0800150c   0x0800150c   0x00000004   Code   RO         1300    i.GPIO_SetBits      stm32f10x_gpio.o
    0x08001510   0x08001510   0x000000a4   Code   RO         3551    i.Get_Trigger_Status  bsp_adc.o
    0x080015b4   0x080015b4   0x000001c4   Code   RO         3552    i.Get_Wave          bsp_adc.o
    0x08001778   0x08001778   0x00000044   Code   RO         3553    i.Get_X_Data        bsp_adc.o
    0x080017bc   0x080017bc   0x00000044   Code   RO         3554    i.Get_Y_Data        bsp_adc.o
    0x08001800   0x08001800   0x00000024   Code   RO         3318    i.ILI9341_BackLed_Control  bsp_ili9341_lcd.o
    0x08001824   0x08001824   0x0000002c   Code   RO         3319    i.ILI9341_Clear     bsp_ili9341_lcd.o
    0x08001850   0x08001850   0x00000012   Code   RO         3320    i.ILI9341_Delay     bsp_ili9341_lcd.o
    0x08001862   0x08001862   0x00000002   PAD
    0x08001864   0x08001864   0x00000098   Code   RO         3321    i.ILI9341_DispChar_EN  bsp_ili9341_lcd.o
    0x080018fc   0x080018fc   0x00000068   Code   RO         3323    i.ILI9341_DispString_EN  bsp_ili9341_lcd.o
    0x08001964   0x08001964   0x000000c2   Code   RO         3326    i.ILI9341_DrawDottedLine  bsp_ili9341_lcd.o
    0x08001a26   0x08001a26   0x000000a0   Code   RO         3327    i.ILI9341_DrawLine  bsp_ili9341_lcd.o
    0x08001ac6   0x08001ac6   0x0000005e   Code   RO         3329    i.ILI9341_FSMC_Config  bsp_ili9341_lcd.o
    0x08001b24   0x08001b24   0x00000020   Code   RO         3330    i.ILI9341_FillColor  bsp_ili9341_lcd.o
    0x08001b44   0x08001b44   0x00000198   Code   RO         3331    i.ILI9341_GPIO_Config  bsp_ili9341_lcd.o
    0x08001cdc   0x08001cdc   0x000000b8   Code   RO         3333    i.ILI9341_GramScan  bsp_ili9341_lcd.o
    0x08001d94   0x08001d94   0x00000028   Code   RO         3334    i.ILI9341_Init      bsp_ili9341_lcd.o
    0x08001dbc   0x08001dbc   0x00000058   Code   RO         3335    i.ILI9341_OpenWindow  bsp_ili9341_lcd.o
    0x08001e14   0x08001e14   0x00000230   Code   RO         3336    i.ILI9341_REG_Config  bsp_ili9341_lcd.o
    0x08002044   0x08002044   0x00000028   Code   RO         3339    i.ILI9341_Rst       bsp_ili9341_lcd.o
    0x0800206c   0x0800206c   0x00000014   Code   RO         3340    i.ILI9341_SetCursor  bsp_ili9341_lcd.o
    0x08002080   0x08002080   0x00000038   Code   RO         3341    i.ILI9341_SetPointPixel  bsp_ili9341_lcd.o
    0x080020b8   0x080020b8   0x00000008   Code   RO         3342    i.ILI9341_Write_Cmd  bsp_ili9341_lcd.o
    0x080020c0   0x080020c0   0x0000000c   Code   RO         3343    i.ILI9341_Write_Data  bsp_ili9341_lcd.o
    0x080020cc   0x080020cc   0x000000e0   Code   RO         3660    i.Key_Scan          osc.o
    0x080021ac   0x080021ac   0x0000000c   Code   RO         3346    i.LCD_GetFont       bsp_ili9341_lcd.o
    0x080021b8   0x080021b8   0x00000014   Code   RO         3348    i.LCD_SetColors     bsp_ili9341_lcd.o
    0x080021cc   0x080021cc   0x0000000c   Code   RO         3350    i.LCD_SetTextColor  bsp_ili9341_lcd.o
    0x080021d8   0x080021d8   0x00000060   Code   RO         3627    i.LED_GPIO_Config   bsp_led.o
    0x08002238   0x08002238   0x00000026   Code   RO         3235    i.NVIC_Configuration  bsp_usart.o
    0x0800225e   0x0800225e   0x00000002   PAD
    0x08002260   0x08002260   0x00000070   Code   RO          137    i.NVIC_Init         misc.o
    0x080022d0   0x080022d0   0x00000014   Code   RO          138    i.NVIC_PriorityGroupConfig  misc.o
    0x080022e4   0x080022e4   0x00000054   Code   RO         3724    i.PS2_Key_Config    bsp_ps2.o
    0x08002338   0x08002338   0x0000082c   Code   RO         3661    i.PlotBlackground   osc.o
    0x08002b64   0x08002b64   0x000000b0   Code   RO         3662    i.PlotWave          osc.o
    0x08002c14   0x08002c14   0x00000018   Code   RO         1706    i.RCC_ADCCLKConfig  stm32f10x_rcc.o
    0x08002c2c   0x08002c2c   0x00000020   Code   RO         1707    i.RCC_AHBPeriphClockCmd  stm32f10x_rcc.o
    0x08002c4c   0x08002c4c   0x00000020   Code   RO         1708    i.RCC_APB1PeriphClockCmd  stm32f10x_rcc.o
    0x08002c6c   0x08002c6c   0x00000020   Code   RO         1710    i.RCC_APB2PeriphClockCmd  stm32f10x_rcc.o
    0x08002c8c   0x08002c8c   0x000000d4   Code   RO         1718    i.RCC_GetClocksFreq  stm32f10x_rcc.o
    0x08002d60   0x08002d60   0x00000010   Code   RO         3725    i.Read_SW_Data      bsp_ps2.o
    0x08002d70   0x08002d70   0x0000000a   Code   RO         3726    i.Read_X_Data       bsp_ps2.o
    0x08002d7a   0x08002d7a   0x0000000a   Code   RO         3727    i.Read_Y_Data       bsp_ps2.o
    0x08002d84   0x08002d84   0x0000015c   Code   RO         3663    i.Run               osc.o
    0x08002ee0   0x08002ee0   0x00000008   Code   RO           24    i.SetSysClock       system_stm32f10x.o
    0x08002ee8   0x08002ee8   0x000000e0   Code   RO           25    i.SetSysClockTo72   system_stm32f10x.o
    0x08002fc8   0x08002fc8   0x0000010c   Code   RO         3664    i.Setting           osc.o
    0x080030d4   0x080030d4   0x00000228   Code   RO         3665    i.Setting_Inf_Update  osc.o
    0x080032fc   0x080032fc   0x00000248   Code   RO         3666    i.Setting_do        osc.o
    0x08003544   0x08003544   0x00000010   Code   RO         3758    i.SysTick_Handler   board.o
    0x08003554   0x08003554   0x00000060   Code   RO           27    i.SystemInit        system_stm32f10x.o
    0x080035b4   0x080035b4   0x00000028   Code   RO         3181    i.TIM6_IRQHandler   stm32f10x_it.o
    0x080035dc   0x080035dc   0x00000006   Code   RO         2336    i.TIM_ClearFlag     stm32f10x_tim.o
    0x080035e2   0x080035e2   0x00000006   Code   RO         2337    i.TIM_ClearITPendingBit  stm32f10x_tim.o
    0x080035e8   0x080035e8   0x00000018   Code   RO         2342    i.TIM_Cmd           stm32f10x_tim.o
    0x08003600   0x08003600   0x00000022   Code   RO         2363    i.TIM_GetITStatus   stm32f10x_tim.o
    0x08003622   0x08003622   0x00000012   Code   RO         2367    i.TIM_ITConfig      stm32f10x_tim.o
    0x08003634   0x08003634   0x000000a4   Code   RO         2413    i.TIM_TimeBaseInit  stm32f10x_tim.o
    0x080036d8   0x080036d8   0x00000018   Code   RO         2878    i.USART_Cmd         stm32f10x_usart.o
    0x080036f0   0x080036f0   0x0000009c   Code   RO         3236    i.USART_Config      bsp_usart.o
    0x0800378c   0x0800378c   0x00000012   Code   RO         2879    i.USART_DMACmd      stm32f10x_usart.o
    0x0800379e   0x0800379e   0x0000001a   Code   RO         2881    i.USART_GetFlagStatus  stm32f10x_usart.o
    0x080037b8   0x080037b8   0x0000004a   Code   RO         2884    i.USART_ITConfig    stm32f10x_usart.o
    0x08003802   0x08003802   0x00000002   PAD
    0x08003804   0x08003804   0x000000d8   Code   RO         2885    i.USART_Init        stm32f10x_usart.o
    0x080038dc   0x080038dc   0x00000008   Code   RO         2895    i.USART_SendData    stm32f10x_usart.o
    0x080038e4   0x080038e4   0x00000028   Code   RO         5057    i.__0sprintf        mc_w.l(printfa.o)
    0x0800390c   0x0800390c   0x0000004c   Code   RO         4170    i.__rt_ffs          kservice.o
    0x08003958   0x08003958   0x0000000e   Code   RO         5147    i.__scatterload_copy  mc_w.l(handlers.o)
    0x08003966   0x08003966   0x00000002   Code   RO         5148    i.__scatterload_null  mc_w.l(handlers.o)
    0x08003968   0x08003968   0x0000000e   Code   RO         5149    i.__scatterload_zeroinit  mc_w.l(handlers.o)
    0x08003976   0x08003976   0x00000002   PAD
    0x08003978   0x08003978   0x00000184   Code   RO         5062    i._fp_digits        mc_w.l(printfa.o)
    0x08003afc   0x08003afc   0x00000014   Code   RO         3915    i._has_defunct_thread  idle.o
    0x08003b10   0x08003b10   0x000006dc   Code   RO         5063    i._printf_core      mc_w.l(printfa.o)
    0x080041ec   0x080041ec   0x00000024   Code   RO         5064    i._printf_post_padding  mc_w.l(printfa.o)
    0x08004210   0x08004210   0x0000002e   Code   RO         5065    i._printf_pre_padding  mc_w.l(printfa.o)
    0x0800423e   0x0800423e   0x00000002   PAD
    0x08004240   0x08004240   0x00000084   Code   RO         4560    i._rt_thread_init   thread.o
    0x080042c4   0x080042c4   0x00000042   Code   RO         4675    i._rt_timer_init    timer.o
    0x08004306   0x08004306   0x0000002e   Code   RO         4676    i._rt_timer_remove  timer.o
    0x08004334   0x08004334   0x0000000a   Code   RO         5067    i._sputc            mc_w.l(printfa.o)
    0x0800433e   0x0800433e   0x0000000a   Code   RO         3108    i.main              main.o
    0x08004348   0x08004348   0x0000000e   Code   RO         3842    i.main_thread_entry  components.o
    0x08004356   0x08004356   0x00000002   PAD
    0x08004358   0x08004358   0x00000078   Code   RO         4347    i.plug_holes        mem.o
    0x080043d0   0x080043d0   0x0000018c   Code   RO         4172    i.print_number      kservice.o
    0x0800455c   0x0800455c   0x0000002c   Code   RO         3843    i.rt_application_init  components.o
    0x08004588   0x08004588   0x0000001c   Code   RO         3844    i.rt_components_board_init  components.o
    0x080045a4   0x080045a4   0x0000001c   Code   RO         3845    i.rt_components_init  components.o
    0x080045c0   0x080045c0   0x00000020   Code   RO         4479    i.rt_enter_critical  scheduler.o
    0x080045e0   0x080045e0   0x0000003c   Code   RO         4480    i.rt_exit_critical  scheduler.o
    0x0800461c   0x0800461c   0x000000e0   Code   RO         4349    i.rt_free           mem.o
    0x080046fc   0x080046fc   0x00000008   Code   RO         3759    i.rt_heap_begin_get  board.o
    0x08004704   0x08004704   0x00000008   Code   RO         3760    i.rt_heap_end_get   board.o
    0x0800470c   0x0800470c   0x00000178   Code   RO         3761    i.rt_hw_board_init  board.o
    0x08004884   0x08004884   0x00000050   Code   RO         3762    i.rt_hw_console_output  board.o
    0x080048d4   0x080048d4   0x00000200   Code   RO         4784    i.rt_hw_hard_fault_exception  cpuport.o
    0x08004ad4   0x08004ad4   0x0000004c   Code   RO         4785    i.rt_hw_stack_init  cpuport.o
    0x08004b20   0x08004b20   0x00000020   Code   RO         4143    i.rt_interrupt_enter  irq.o
    0x08004b40   0x08004b40   0x00000020   Code   RO         4145    i.rt_interrupt_leave  irq.o
    0x08004b60   0x08004b60   0x00000014   Code   RO         3955    i.rt_ipc_list_resume  ipc.o
    0x08004b74   0x08004b74   0x00000032   Code   RO         3956    i.rt_ipc_list_resume_all  ipc.o
    0x08004ba6   0x08004ba6   0x0000006c   Code   RO         3957    i.rt_ipc_list_suspend  ipc.o
    0x08004c12   0x08004c12   0x00000010   Code   RO         3958    i.rt_ipc_object_init  ipc.o
    0x08004c22   0x08004c22   0x00000002   PAD
    0x08004c24   0x08004c24   0x00000030   Code   RO         4176    i.rt_kprintf        kservice.o
    0x08004c54   0x08004c54   0x00000006   Code   RO         3959    i.rt_list_init      ipc.o
    0x08004c5a   0x08004c5a   0x00000006   Code   RO         4481    i.rt_list_init      scheduler.o
    0x08004c60   0x08004c60   0x00000006   Code   RO         4677    i.rt_list_init      timer.o
    0x08004c66   0x08004c66   0x0000000e   Code   RO         4409    i.rt_list_insert_after  object.o
    0x08004c74   0x08004c74   0x0000000e   Code   RO         4561    i.rt_list_insert_after  thread.o
    0x08004c82   0x08004c82   0x0000000e   Code   RO         4678    i.rt_list_insert_after  timer.o
    0x08004c90   0x08004c90   0x0000000e   Code   RO         3960    i.rt_list_insert_before  ipc.o
    0x08004c9e   0x08004c9e   0x00000010   Code   RO         3961    i.rt_list_isempty   ipc.o
    0x08004cae   0x08004cae   0x00000010   Code   RO         4679    i.rt_list_isempty   timer.o
    0x08004cbe   0x08004cbe   0x00000012   Code   RO         4410    i.rt_list_remove    object.o
    0x08004cd0   0x08004cd0   0x00000012   Code   RO         4562    i.rt_list_remove    thread.o
    0x08004ce2   0x08004ce2   0x00000002   PAD
    0x08004ce4   0x08004ce4   0x0000016c   Code   RO         4350    i.rt_malloc         mem.o
    0x08004e50   0x08004e50   0x0000007c   Code   RO         4180    i.rt_memcpy         kservice.o
    0x08004ecc   0x08004ecc   0x00000048   Code   RO         4182    i.rt_memset         kservice.o
    0x08004f14   0x08004f14   0x00000080   Code   RO         3971    i.rt_mq_create      ipc.o
    0x08004f94   0x08004f94   0x0000001c   Code   RO         3972    i.rt_mq_delete      ipc.o
    0x08004fb0   0x08004fb0   0x000000fc   Code   RO         3975    i.rt_mq_recv        ipc.o
    0x080050ac   0x080050ac   0x0000008c   Code   RO         3976    i.rt_mq_send        ipc.o
    0x08005138   0x08005138   0x0000004a   Code   RO         4411    i.rt_object_allocate  object.o
    0x08005182   0x08005182   0x00000020   Code   RO         4412    i.rt_object_delete  object.o
    0x080051a2   0x080051a2   0x0000001a   Code   RO         4413    i.rt_object_detach  object.o
    0x080051bc   0x080051bc   0x00000028   Code   RO         4415    i.rt_object_get_information  object.o
    0x080051e4   0x080051e4   0x0000003c   Code   RO         4416    i.rt_object_init    object.o
    0x08005220   0x08005220   0x00000012   Code   RO         4417    i.rt_object_is_systemobject  object.o
    0x08005232   0x08005232   0x00000002   PAD
    0x08005234   0x08005234   0x00000090   Code   RO         4482    i.rt_schedule       scheduler.o
    0x080052c4   0x080052c4   0x00000050   Code   RO         4483    i.rt_schedule_insert_thread  scheduler.o
    0x08005314   0x08005314   0x00000054   Code   RO         4484    i.rt_schedule_remove_thread  scheduler.o
    0x08005368   0x08005368   0x00000026   Code   RO         3982    i.rt_sem_init       ipc.o
    0x0800538e   0x0800538e   0x0000003a   Code   RO         3983    i.rt_sem_release    ipc.o
    0x080053c8   0x080053c8   0x00000074   Code   RO         3984    i.rt_sem_take       ipc.o
    0x0800543c   0x0800543c   0x000000b0   Code   RO         4184    i.rt_show_version   kservice.o
    0x080054ec   0x080054ec   0x00000012   Code   RO         4190    i.rt_strlen         kservice.o
    0x080054fe   0x080054fe   0x00000034   Code   RO         4192    i.rt_strncpy        kservice.o
    0x08005532   0x08005532   0x00000002   PAD
    0x08005534   0x08005534   0x000000f8   Code   RO         4353    i.rt_system_heap_init  mem.o
    0x0800562c   0x0800562c   0x0000004c   Code   RO         4485    i.rt_system_scheduler_init  scheduler.o
    0x08005678   0x08005678   0x00000030   Code   RO         4486    i.rt_system_scheduler_start  scheduler.o
    0x080056a8   0x080056a8   0x0000001c   Code   RO         4680    i.rt_system_timer_init  timer.o
    0x080056c4   0x080056c4   0x00000002   Code   RO         4681    i.rt_system_timer_thread_init  timer.o
    0x080056c6   0x080056c6   0x00000050   Code   RO         4564    i.rt_thread_create  thread.o
    0x08005716   0x08005716   0x0000000c   Code   RO         4565    i.rt_thread_delay   thread.o
    0x08005722   0x08005722   0x00000002   PAD
    0x08005724   0x08005724   0x00000054   Code   RO         4568    i.rt_thread_exit    thread.o
    0x08005778   0x08005778   0x00000008   Code   RO         3916    i.rt_thread_idle_entry  idle.o
    0x08005780   0x08005780   0x00000084   Code   RO         3917    i.rt_thread_idle_excute  idle.o
    0x08005804   0x08005804   0x0000003c   Code   RO         3919    i.rt_thread_idle_init  idle.o
    0x08005840   0x08005840   0x00000034   Code   RO         4570    i.rt_thread_init    thread.o
    0x08005874   0x08005874   0x0000003c   Code   RO         4571    i.rt_thread_resume  thread.o
    0x080058b0   0x080058b0   0x0000000c   Code   RO         4572    i.rt_thread_self    thread.o
    0x080058bc   0x080058bc   0x00000044   Code   RO         4573    i.rt_thread_sleep   thread.o
    0x08005900   0x08005900   0x0000002c   Code   RO         4574    i.rt_thread_startup  thread.o
    0x0800592c   0x0800592c   0x00000044   Code   RO         4575    i.rt_thread_suspend  thread.o
    0x08005970   0x08005970   0x00000020   Code   RO         4576    i.rt_thread_timeout  thread.o
    0x08005990   0x08005990   0x00000064   Code   RO         4577    i.rt_thread_yield   thread.o
    0x080059f4   0x080059f4   0x0000000c   Code   RO         3805    i.rt_tick_get       clock.o
    0x08005a00   0x08005a00   0x00000030   Code   RO         3806    i.rt_tick_increase  clock.o
    0x08005a30   0x08005a30   0x0000007c   Code   RO         4682    i.rt_timer_check    timer.o
    0x08005aac   0x08005aac   0x00000038   Code   RO         4683    i.rt_timer_control  timer.o
    0x08005ae4   0x08005ae4   0x00000020   Code   RO         4686    i.rt_timer_detach   timer.o
    0x08005b04   0x08005b04   0x0000002e   Code   RO         4687    i.rt_timer_init     timer.o
    0x08005b32   0x08005b32   0x00000002   PAD
    0x08005b34   0x08005b34   0x000000f8   Code   RO         4690    i.rt_timer_start    timer.o
    0x08005c2c   0x08005c2c   0x00000030   Code   RO         4691    i.rt_timer_stop     timer.o
    0x08005c5c   0x08005c5c   0x00000328   Code   RO         4195    i.rt_vsnprintf      kservice.o
    0x08005f84   0x08005f84   0x00000004   Code   RO         3846    i.rti_board_end     components.o
    0x08005f88   0x08005f88   0x00000004   Code   RO         3847    i.rti_board_start   components.o
    0x08005f8c   0x08005f8c   0x00000004   Code   RO         3848    i.rti_end           components.o
    0x08005f90   0x08005f90   0x00000004   Code   RO         3849    i.rti_start         components.o
    0x08005f94   0x08005f94   0x0000002a   Code   RO         3850    i.rtthread_startup  components.o
    0x08005fbe   0x08005fbe   0x00000026   Code   RO         4197    i.skip_atoi         kservice.o
    0x08005fe4   0x08005fe4   0x00003b60   Data   RO         3535    .constdata          fonts.o
    0x08009b44   0x08009b44   0x00000122   Data   RO         4199    .constdata          kservice.o
    0x08009c66   0x08009c66   0x00000002   PAD
    0x08009c68   0x08009c68   0x0000002d   Data   RO         3668    .conststring        osc.o
    0x08009c95   0x08009c95   0x00000003   PAD
    0x08009c98   0x08009c98   0x00000004   Data   RO         3851    .rti_fn.0           components.o
    0x08009c9c   0x08009c9c   0x00000004   Data   RO         3852    .rti_fn.0.end       components.o
    0x08009ca0   0x08009ca0   0x00000004   Data   RO         3853    .rti_fn.1.end       components.o
    0x08009ca4   0x08009ca4   0x00000004   Data   RO         3854    .rti_fn.6.end       components.o
    0x08009ca8   0x08009ca8   0x00000020   Data   RO         5145    Region$$Table       anon$$obj.o


    Execution Region RW_IRAM1 (Exec base: 0x20000000, Load base: 0x08009cc8, Size: 0x00001958, Max: 0x00010000, ABSOLUTE, COMPRESSED[0x000000a4])

    Exec Addr    Load Addr    Size         Type   Attr      Idx    E Section Name        Object

    0x20000000   COMPRESSED   0x00000014   Data   RW           28    .data               system_stm32f10x.o
    0x20000014   COMPRESSED   0x00000014   Data   RW         1738    .data               stm32f10x_rcc.o
    0x20000028   COMPRESSED   0x00000007   Data   RW         3183    .data               stm32f10x_it.o
    0x2000002f   COMPRESSED   0x00000001   PAD
    0x20000030   COMPRESSED   0x00000019   Data   RW         3352    .data               bsp_ili9341_lcd.o
    0x20000049   COMPRESSED   0x00000003   PAD
    0x2000004c   COMPRESSED   0x00000018   Data   RW         3536    .data               fonts.o
    0x20000064   COMPRESSED   0x00000068   Data   RW         3669    .data               osc.o
    0x200000cc   COMPRESSED   0x00000004   Data   RW         3808    .data               clock.o
    0x200000d0   COMPRESSED   0x00000001   Data   RW         4146    .data               irq.o
    0x200000d1   COMPRESSED   0x00000003   PAD
    0x200000d4   COMPRESSED   0x00000018   Data   RW         4355    .data               mem.o
    0x200000ec   COMPRESSED   0x00000050   Data   RW         4419    .data               object.o
    0x2000013c   COMPRESSED   0x00000018   Data   RW         4488    .data               scheduler.o
    0x20000154   COMPRESSED   0x0000000c   Data   RW         4692    .data               timer.o
    0x20000160   COMPRESSED   0x00000010   Data   RW         4786    .data               cpuport.o
    0x20000170        -       0x00000190   Zero   RW         3667    .bss                osc.o
    0x20000300        -       0x00001000   Zero   RW         3763    .bss                board.o
    0x20001300        -       0x00000178   Zero   RW         3920    .bss                idle.o
    0x20001478        -       0x00000080   Zero   RW         4198    .bss                kservice.o
    0x200014f8        -       0x00000020   Zero   RW         4354    .bss                mem.o
    0x20001518        -       0x00000040   Zero   RW         4487    .bss                scheduler.o
    0x20001558        -       0x00000400   Zero   RW            1    STACK               startup_stm32f10x_hd.o


==============================================================================

Image component sizes


      Code (inc. data)   RO Data    RW Data    ZI Data      Debug   Object Name

       488         72          0          0       4096      18549   board.o
      1120         96          0          0          0       3834   bsp_adc.o
      2294        114          0         25          0      14895   bsp_ili9341_lcd.o
       216          8          0          0          0       1038   bsp_key_exti.o
        96          6          0          0          0        494   bsp_led.o
       158          8          0          0          0       2268   bsp_ps2.o
       142         12          0          0          0       1812   bsp_timbase.o
       194         10          0          0          0       1035   bsp_usart.o
        60         12          0          4          0       1057   clock.o
       186         28         16          0          0       5296   components.o
       240         26          0          0          0        748   context_rvds.o
         0          0          0          0          0       4524   core_cm3.o
       588        328          0         16          0       3138   cpuport.o
         0          0      15200         24          0       1321   fonts.o
       220         30          0          0        376       4782   idle.o
       990          0          0          0          0      11045   ipc.o
        64         12          0          1          0       1490   irq.o
      1808        164        290          0        128       9104   kservice.o
        10          0          0          0          0       6147   main.o
       956        224          0         24         32       3704   mem.o
       132         22          0          0          0       1711   misc.o
       282          4          0         80          0       7220   object.o
      4592        506         45        104        400       7204   osc.o
       530         88          0         24         64       7470   scheduler.o
        36          8        304          0       1024        836   startup_stm32f10x_hd.o
       468         10          0          0          0      10184   stm32f10x_adc.o
       200         18          0          0          0       2300   stm32f10x_exti.o
       282          6          0          0          0       1989   stm32f10x_fsmc.o
       368          4          0          0          0       4482   stm32f10x_gpio.o
       346         36          0          7          0       3554   stm32f10x_it.o
       332         44          0         20          0       5749   stm32f10x_rcc.o
       252         42          0          0          0       4310   stm32f10x_tim.o
       366          6          0          0          0       5672   stm32f10x_usart.o
       328         28          0         20          0     269873   system_stm32f10x.o
       776         36          0          0          0      10539   thread.o
       732         20          0         12          0       9916   timer.o

    ----------------------------------------------------------------------
     19884       2028      15892        368       6120     449290   Object Totals
         0          0         32          0          0          0   (incl. Generated)
        32          0          5          7          0          0   (incl. Padding)

    ----------------------------------------------------------------------

      Code (inc. data)   RO Data    RW Data    ZI Data      Debug   Library Member Name

        86          0          0          0          0          0   __dczerorl2.o
         0          0          0          0          0          0   entry.o
         0          0          0          0          0          0   entry10a.o
         0          0          0          0          0          0   entry11a.o
         8          4          0          0          0          0   entry2.o
         4          0          0          0          0          0   entry5.o
         0          0          0          0          0          0   entry7b.o
         0          0          0          0          0          0   entry8b.o
         8          4          0          0          0          0   entry9a.o
        30          0          0          0          0          0   handlers.o
        36          8          0          0          0         68   init.o
         0          0          0          0          0          0   iusefp.o
        30          0          0          0          0         68   llshl.o
        36          0          0          0          0         68   llsshr.o
        32          0          0          0          0         68   llushr.o
      2276         86          0          0          0        520   printfa.o
        44          0          0          0          0         80   uidiv.o
        98          0          0          0          0         92   uldiv.o
        48          0          0          0          0         68   cdcmple.o
        48          0          0          0          0         68   cdrcmple.o
        20          0          0          0          0         68   cfcmple.o
        20          0          0          0          0         68   cfrcmple.o
        56          0          0          0          0         88   d2f.o
       334          0          0          0          0        148   dadd.o
       222          0          0          0          0        100   ddiv.o
       186          0          0          0          0        176   depilogue.o
        50          0          0          0          0         76   dfixui.o
        48          0          0          0          0         68   dfixul.o
        26          0          0          0          0         76   dfltui.o
       228          0          0          0          0         96   dmul.o
        38          0          0          0          0         68   f2d.o
       124          0          0          0          0         88   fdiv.o
       110          0          0          0          0        168   fepilogue.o
        10          0          0          0          0         68   ffltui.o
       100          0          0          0          0         76   fmul.o

    ----------------------------------------------------------------------
      4360        102          0          0          0       2532   Library Totals
         4          0          0          0          0          0   (incl. Padding)

    ----------------------------------------------------------------------

      Code (inc. data)   RO Data    RW Data    ZI Data      Debug   Library Name

      2688        102          0          0          0        964   mc_w.l
      1668          0          0          0          0       1568   mf_w.l

    ----------------------------------------------------------------------
      4360        102          0          0          0       2532   Library Totals

    ----------------------------------------------------------------------

==============================================================================


      Code (inc. data)   RO Data    RW Data    ZI Data      Debug   

     24244       2130      15892        368       6120     440614   Grand Totals
     24244       2130      15892        164       6120     440614   ELF Image Totals (compressed)
     24244       2130      15892        164          0          0   ROM Totals

==============================================================================

    Total RO  Size (Code + RO Data)                40136 (  39.20kB)
    Total RW  Size (RW Data + ZI Data)              6488 (   6.34kB)
    Total ROM Size (Code + RO Data + RW Data)      40300 (  39.36kB)

==============================================================================

